Component: ARM Compiler 5.05 update 2 (build 169) Tool: armlink [4d0f33]

==============================================================================

Section Cross References

    startup_stm32f10x_hd.o(RESET) refers to startup_stm32f10x_hd.o(STACK) for __initial_sp
    startup_stm32f10x_hd.o(RESET) refers to startup_stm32f10x_hd.o(.text) for Reset_Handler
    startup_stm32f10x_hd.o(RESET) refers to stm32f10x_it.o(.text) for NMI_Handler
    startup_stm32f10x_hd.o(.text) refers to system_stm32f10x.o(.text) for SystemInit
    startup_stm32f10x_hd.o(.text) refers to entry.o(.ARM.Collect$$$$00000000) for __main
    main_1.o(.text) refers to bsp_systick.o(.text) for SysTick_Init
    main_1.o(.text) refers to usart.o(.text) for USART_Config
    main_1.o(.text) refers to bsp_led.o(.text) for GPIO_Config
    main_1.o(.text) refers to usart4_1.o(.text) for USART4_Config
    main_1.o(.text) refers to jq8x00.o(.text) for JQ8x00_Command_Data
    main_1.o(.text) refers to usart2_1.o(.text) for Usart2_Init
    main_1.o(.text) refers to timer4.o(.text) for TIM4_Init
    main_1.o(.text) refers to wifi.o(.text) for WiFi_ResetIO_Init
    main_1.o(.text) refers to mqtt.o(.text) for AliIoT_Parameter_Init
    main_1.o(.text) refers to usart3.o(.text) for USART3_Config
    main_1.o(.text) refers to bsp_i2c.o(.text) for i2c_GPIO_Config
    main_1.o(.text) refers to oled_i2c.o(.text) for OLED_Init
    main_1.o(.text) refers to bsp_i2c_2.o(.text) for i2c_2_GPIO_Config
    main_1.o(.text) refers to oled_i2c_2.o(.text) for OLED_Init_2
    main_1.o(.text) refers to schedule.o(.text) for Schedule
    main_1.o(.text) refers to printf5.o(i.__0printf$5) for __2printf
    main_1.o(.text) refers to timer3.o(.text) for TIM3_ENABLE_30S
    main_1.o(.text) refers to timer2.o(.text) for TIM2_ENABLE_10S
    main_1.o(.text) refers to strstr.o(.text) for strstr
    main_1.o(.text) refers to oled_i2c.o(.data) for BMP1
    main_1.o(.text) refers to oled_i2c_2.o(.data) for BMP2
    main_1.o(.text) refers to mqtt.o(.data) for Connect_flag
    main_1.o(.text) refers to mqtt.o(.bss) for MQTT_TxDataBuf
    main_1.o(.text) refers to main_1.o(.data) for LigthSwitch_flag
    main_1.o(.text) refers to schedule.o(.data) for vioce_flag
    main_1.o(.text) refers to stm32f10x_tim.o(.text) for TIM_Cmd
    main_1.o(.text) refers to memseta.o(.text) for __aeabi_memclr
    main_1.o(.text) refers to usart2_1.o(.data) for Usart2_RxCounter
    main_1.o(.text) refers to usart2_1.o(.bss) for Usart2_RxBuff
    stm32f10x_it.o(.text) refers to stm32f10x_usart.o(.text) for USART_GetITStatus
    stm32f10x_it.o(.text) refers to stm32f10x_tim.o(.text) for TIM_Cmd
    stm32f10x_it.o(.text) refers to memcpya.o(.text) for __aeabi_memcpy
    stm32f10x_it.o(.text) refers to mqtt.o(.text) for MQTT_PingREQ
    stm32f10x_it.o(.text) refers to timer3.o(.text) for TIM3_ENABLE_2S
    stm32f10x_it.o(.text) refers to schedule.o(.text) for TempHumi_State
    stm32f10x_it.o(.text) refers to bsp_systick.o(.text) for TimingDelay_Decrement
    stm32f10x_it.o(.text) refers to stm32f10x_gpio.o(.text) for GPIO_ReadOutputDataBit
    stm32f10x_it.o(.text) refers to mqtt.o(.data) for Connect_flag
    stm32f10x_it.o(.text) refers to usart2_1.o(.bss) for Usart2_RxBuff
    stm32f10x_it.o(.text) refers to usart2_1.o(.data) for Usart2_RxCounter
    stm32f10x_it.o(.text) refers to mqtt.o(.bss) for MQTT_RxDataBuf
    stm32f10x_it.o(.text) refers to stm32f10x_it.o(.data) for Bci_flag
    stm32f10x_it.o(.text) refers to main_1.o(.data) for DoctorSwitch_flag
    stm32f10x_it.o(.text) refers to schedule.o(.data) for vioce_flag
    stm32f10x_it.o(.text) refers to stm32f10x_it.o(.bss) for RxBufUart1_Set
    schedule.o(.text) refers to jq8x00.o(.text) for JQ8x00_RandomPathPlay
    schedule.o(.text) refers to oled_i2c.o(.text) for OLED_ShowCN
    schedule.o(.text) refers to bsp_spi_nrf.o(.text) for NRF_TX_Mode
    schedule.o(.text) refers to printf5.o(i.__0sprintf$5) for __2sprintf
    schedule.o(.text) refers to strlen.o(.text) for strlen
    schedule.o(.text) refers to mqtt.o(.text) for MQTT_PublishQs0
    schedule.o(.text) refers to printf5.o(i.__0printf$5) for __2printf
    schedule.o(.text) refers to schedule.o(.data) for vioce_flag
    schedule.o(.text) refers to main_1.o(.data) for WindowSwitch_flag
    schedule.o(.text) refers to schedule.o(.conststring) for .conststring
    system_stm32f10x.o(.text) refers to system_stm32f10x.o(.data) for SystemCoreClock
    stm32f10x_adc.o(.text) refers to stm32f10x_rcc.o(.text) for RCC_APB2PeriphResetCmd
    stm32f10x_bkp.o(.text) refers to stm32f10x_rcc.o(.text) for RCC_BackupResetCmd
    stm32f10x_can.o(.text) refers to stm32f10x_rcc.o(.text) for RCC_APB1PeriphResetCmd
    stm32f10x_cec.o(.text) refers to stm32f10x_rcc.o(.text) for RCC_APB1PeriphResetCmd
    stm32f10x_dac.o(.text) refers to stm32f10x_rcc.o(.text) for RCC_APB1PeriphResetCmd
    stm32f10x_gpio.o(.text) refers to stm32f10x_rcc.o(.text) for RCC_APB2PeriphResetCmd
[...]
    ../clib/microlib/printf/printf.c         0x00000000   Number         0  printf1.o ABSOLUTE
    ../clib/microlib/printf/printf.c         0x00000000   Number         0  printf2.o ABSOLUTE
    ../clib/microlib/printf/printf.c         0x00000000   Number         0  printf8.o ABSOLUTE
    ../clib/microlib/printf/stubs.s          0x00000000   Number         0  stubs.o ABSOLUTE
    ../clib/microlib/stdio/streams.c         0x00000000   Number         0  stdout.o ABSOLUTE
    ../clib/microlib/string/memcpy.c         0x00000000   Number         0  memcpyb.o ABSOLUTE
    ../clib/microlib/string/memcpy.c         0x00000000   Number         0  memcpya.o ABSOLUTE
    ../clib/microlib/string/memset.c         0x00000000   Number         0  memseta.o ABSOLUTE
    ../clib/microlib/string/strlen.c         0x00000000   Number         0  strlen.o ABSOLUTE
    ../clib/microlib/string/strstr.c         0x00000000   Number         0  strstr.o ABSOLUTE
    ../clib/microlib/stubs.s                 0x00000000   Number         0  iusefp.o ABSOLUTE
    ../fplib/microlib/d2f.c                  0x00000000   Number         0  d2f.o ABSOLUTE
    ../fplib/microlib/f2d.c                  0x00000000   Number         0  f2d.o ABSOLUTE
    ../fplib/microlib/fpadd.c                0x00000000   Number         0  dadd.o ABSOLUTE
    ../fplib/microlib/fpdiv.c                0x00000000   Number         0  ddiv.o ABSOLUTE
    ../fplib/microlib/fpepilogue.c           0x00000000   Number         0  depilogue.o ABSOLUTE
    ../fplib/microlib/fpepilogue.c           0x00000000   Number         0  fepilogue.o ABSOLUTE
    ../fplib/microlib/fpfix.c                0x00000000   Number         0  dfixul.o ABSOLUTE
    ../fplib/microlib/fpfix.c                0x00000000   Number         0  dfixui.o ABSOLUTE
    ../fplib/microlib/fpflt.c                0x00000000   Number         0  dflti.o ABSOLUTE
    ../fplib/microlib/fpflt.c                0x00000000   Number         0  dfltui.o ABSOLUTE
    ../fplib/microlib/fpmul.c                0x00000000   Number         0  dmul.o ABSOLUTE
    ../mathlib/floor.c                       0x00000000   Number         0  floor.o ABSOLUTE
    ..\..\Libraries\CMSIS\core_cm3.c         0x00000000   Number         0  core_cm3.o ABSOLUTE
    ..\..\Libraries\CMSIS\startup\startup_stm32f10x_hd.s 0x00000000   Number         0  startup_stm32f10x_hd.o ABSOLUTE
    ..\..\Libraries\CMSIS\system_stm32f10x.c 0x00000000   Number         0  system_stm32f10x.o ABSOLUTE
    ..\..\Libraries\FWlib\src\misc.c         0x00000000   Number         0  misc.o ABSOLUTE
    ..\..\Libraries\FWlib\src\stm32f10x_adc.c 0x00000000   Number         0  stm32f10x_adc.o ABSOLUTE
    ..\..\Libraries\FWlib\src\stm32f10x_bkp.c 0x00000000   Number         0  stm32f10x_bkp.o ABSOLUTE
    ..\..\Libraries\FWlib\src\stm32f10x_can.c 0x00000000   Number         0  stm32f10x_can.o ABSOLUTE
    ..\..\Libraries\FWlib\src\stm32f10x_cec.c 0x00000000   Number         0  stm32f10x_cec.o ABSOLUTE
    ..\..\Libraries\FWlib\src\stm32f10x_crc.c 0x00000000   Number         0  stm32f10x_crc.o ABSOLUTE
    ..\..\Libraries\FWlib\src\stm32f10x_dac.c 0x00000000   Number         0  stm32f10x_dac.o ABSOLUTE
    ..\..\Libraries\FWlib\src\stm32f10x_dbgmcu.c 0x00000000   Number         0  stm32f10x_dbgmcu.o ABSOLUTE
    ..\..\Libraries\FWlib\src\stm32f10x_dma.c 0x00000000   Number         0  stm32f10x_dma.o ABSOLUTE
    ..\..\Libraries\FWlib\src\stm32f10x_exti.c 0x00000000   Number         0  stm32f10x_exti.o ABSOLUTE
    ..\..\Libraries\FWlib\src\stm32f10x_flash.c 0x00000000   Number         0  stm32f10x_flash.o ABSOLUTE
    ..\..\Libraries\FWlib\src\stm32f10x_fsmc.c 0x00000000   Number         0  stm32f10x_fsmc.o ABSOLUTE
    ..\..\Libraries\FWlib\src\stm32f10x_gpio.c 0x00000000   Number         0  stm32f10x_gpio.o ABSOLUTE
    ..\..\Libraries\FWlib\src\stm32f10x_i2c.c 0x00000000   Number         0  stm32f10x_i2c.o ABSOLUTE
    ..\..\Libraries\FWlib\src\stm32f10x_iwdg.c 0x00000000   Number         0  stm32f10x_iwdg.o ABSOLUTE
    ..\..\Libraries\FWlib\src\stm32f10x_pwr.c 0x00000000   Number         0  stm32f10x_pwr.o ABSOLUTE
    ..\..\Libraries\FWlib\src\stm32f10x_rcc.c 0x00000000   Number         0  stm32f10x_rcc.o ABSOLUTE
    ..\..\Libraries\FWlib\src\stm32f10x_rtc.c 0x00000000   Number         0  stm32f10x_rtc.o ABSOLUTE
    ..\..\Libraries\FWlib\src\stm32f10x_sdio.c 0x00000000   Number         0  stm32f10x_sdio.o ABSOLUTE
    ..\..\Libraries\FWlib\src\stm32f10x_spi.c 0x00000000   Number         0  stm32f10x_spi.o ABSOLUTE
    ..\..\Libraries\FWlib\src\stm32f10x_tim.c 0x00000000   Number         0  stm32f10x_tim.o ABSOLUTE
    ..\..\Libraries\FWlib\src\stm32f10x_usart.c 0x00000000   Number         0  stm32f10x_usart.o ABSOLUTE
    ..\..\Libraries\FWlib\src\stm32f10x_wwdg.c 0x00000000   Number         0  stm32f10x_wwdg.o ABSOLUTE
    ..\..\User\JQ8X00\JQ8X00.c               0x00000000   Number         0  jq8x00.o ABSOLUTE
    ..\..\User\Led\bsp_led.c                 0x00000000   Number         0  bsp_led.o ABSOLUTE
    ..\..\User\OLED2\OLED_I2C_2.c            0x00000000   Number         0  oled_i2c_2.o ABSOLUTE
    ..\..\User\OLED2\bsp_i2c_2.c             0x00000000   Number         0  bsp_i2c_2.o ABSOLUTE
    ..\..\User\OLED\OLED_I2C.c               0x00000000   Number         0  oled_i2c.o ABSOLUTE
    ..\..\User\OLED\bsp_i2c.c                0x00000000   Number         0  bsp_i2c.o ABSOLUTE
    ..\..\User\SysTick\bsp_SysTick.c         0x00000000   Number         0  bsp_systick.o ABSOLUTE
    ..\..\User\USART1\usart.c                0x00000000   Number         0  usart.o ABSOLUTE
    ..\..\User\USART2\usart2.c               0x00000000   Number         0  usart2_1.o ABSOLUTE
    ..\..\User\USART3\usart3.c               0x00000000   Number         0  usart3.o ABSOLUTE
    ..\..\User\USART4\usart4.c               0x00000000   Number         0  usart4_1.o ABSOLUTE
    ..\..\User\USART5\usart5.c               0x00000000   Number         0  usart5.o ABSOLUTE
    ..\..\User\main.c                        0x00000000   Number         0  main_1.o ABSOLUTE
    ..\..\User\md\utils_hmac.c               0x00000000   Number         0  utils_hmac.o ABSOLUTE
    ..\..\User\md\utils_md5.c                0x00000000   Number         0  utils_md5.o ABSOLUTE
    ..\..\User\md\utils_sha1.c               0x00000000   Number         0  utils_sha1.o ABSOLUTE
    ..\..\User\mqtt\mqtt.c                   0x00000000   Number         0  mqtt.o ABSOLUTE
    ..\..\User\nrf\bsp_spi_nrf.c             0x00000000   Number         0  bsp_spi_nrf.o ABSOLUTE
    ..\..\User\pwm\IIC1.c                    0x00000000   Number         0  iic1.o ABSOLUTE
    ..\..\User\pwm\pca9685.c                 0x00000000   Number         0  pca9685.o ABSOLUTE
    ..\..\User\schedule\schedule.c           0x00000000   Number         0  schedule.o ABSOLUTE
    ..\..\User\stm32f10x_it.c                0x00000000   Number         0  stm32f10x_it.o ABSOLUTE
    ..\..\User\time\timer2.c                 0x00000000   Number         0  timer2.o ABSOLUTE
    ..\..\User\time\timer3.c                 0x00000000   Number         0  timer3.o ABSOLUTE
    ..\..\User\time\timer4.c                 0x00000000   Number         0  timer4.o ABSOLUTE
    ..\..\User\wifi\wifi.c                   0x00000000   Number         0  wifi.o ABSOLUTE
    ..\\..\\Libraries\\CMSIS\\core_cm3.c     0x00000000   Number         0  core_cm3.o ABSOLUTE
    cdrcmple.s                               0x00000000   Number         0  cdrcmple.o ABSOLUTE
    dc.s                                     0x00000000   Number         0  dc.o ABSOLUTE
    handlers.s                               0x00000000   Number         0  handlers.o ABSOLUTE
    init.s                                   0x00000000   Number         0  init.o ABSOLUTE
    RESET                                    0x08000000   Section      304  startup_stm32f10x_hd.o(RESET)
    .ARM.Collect$$$$00000000                 0x08000130   Section        0  entry.o(.ARM.Collect$$$$00000000)
    .ARM.Collect$$$$00000001                 0x08000130   Section        4  entry2.o(.ARM.Collect$$$$00000001)
    .ARM.Collect$$$$00000004                 0x08000134   Section        4  entry5.o(.ARM.Collect$$$$00000004)
    .ARM.Collect$$$$00000008                 0x08000138   Section        0  entry7b.o(.ARM.Collect$$$$00000008)
    .ARM.Collect$$$$0000000A                 0x08000138   Section        0  entry8b.o(.ARM.Collect$$$$0000000A)
    .ARM.Collect$$$$0000000B                 0x08000138   Section        8  entry9a.o(.ARM.Collect$$$$0000000B)
    .ARM.Collect$$$$0000000D                 0x08000140   Section        0  entry10a.o(.ARM.Collect$$$$0000000D)
    .ARM.Collect$$$$0000000F                 0x08000140   Section        0  entry11a.o(.ARM.Collect$$$$0000000F)
    .ARM.Collect$$$$00002712                 0x08000140   Section        4  entry2.o(.ARM.Collect$$$$00002712)
    __lit__00000000                          0x08000140   Data           4  entry2.o(.ARM.Collect$$$$00002712)
    .text                                    0x08000144   Section       36  startup_stm32f10x_hd.o(.text)
    .text                                    0x08000168   Section        0  main_1.o(.text)
    .text                                    0x08000c28   Section        0  stm32f10x_it.o(.text)
    .text                                    0x080010b0   Section        0  schedule.o(.text)
    .text                                    0x080012f8   Section        0  system_stm32f10x.o(.text)
    SetSysClockTo72                          0x080012f9   Thumb Code   214  system_stm32f10x.o(.text)
    SetSysClock                              0x080013cf   Thumb Code     8  system_stm32f10x.o(.text)
    .text                                    0x080014d8   Section        0  misc.o(.text)
    .text                                    0x080015b4   Section        0  stm32f10x_gpio.o(.text)
    .text                                    0x08001910   Section        0  stm32f10x_rcc.o(.text)
    .text                                    0x08001cb4   Section        0  stm32f10x_spi.o(.text)
    .text                                    0x08001fc0   Section        0  stm32f10x_tim.o(.text)
    TI4_Config                               0x08002467   Thumb Code   130  stm32f10x_tim.o(.text)
    TI3_Config                               0x080024fb   Thumb Code   122  stm32f10x_tim.o(.text)
    TI2_Config                               0x0800258f   Thumb Code   130  stm32f10x_tim.o(.text)
    TI1_Config                               0x08002623   Thumb Code   108  stm32f10x_tim.o(.text)
    .text                                    0x08002ddc   Section        0  stm32f10x_usart.o(.text)
    .text                                    0x080031e4   Section        0  bsp_systick.o(.text)
    SysTick_Config                           0x080031e5   Thumb Code    76  bsp_systick.o(.text)
    .text                                    0x0800331c   Section        0  bsp_led.o(.text)
    .text                                    0x08003474   Section        0  timer2.o(.text)
    .text                                    0x080034ec   Section        0  timer3.o(.text)
    .text                                    0x080035d8   Section        0  timer4.o(.text)
    .text                                    0x08003648   Section        0  usart.o(.text)
    NVIC_Configuration                       0x08003649   Thumb Code    38  usart.o(.text)
    .text                                    0x08003758   Section        0  utils_hmac.o(.text)
    .text                                    0x08003a34   Section        0  utils_md5.o(.text)
    _utils_md5_zeroize                       0x08003a35   Thumb Code    22  utils_md5.o(.text)
    .text                                    0x08004548   Section        0  utils_sha1.o(.text)
    utils_sha1_zeroize                       0x08004549   Thumb Code    22  utils_sha1.o(.text)
    .text                                    0x08006074   Section        0  mqtt.o(.text)
    .text                                    0x08006874   Section        0  wifi.o(.text)
    .text                                    0x08006ef8   Section        0  usart2_1.o(.text)
    .text                                    0x08007044   Section        0  bsp_i2c_2.o(.text)
    i2c_2_Delay                              0x08007045   Thumb Code    14  bsp_i2c_2.o(.text)
    .text                                    0x08007228   Section        0  oled_i2c_2.o(.text)
    .text                                    0x08007574   Section        0  bsp_i2c.o(.text)
    i2c_Delay                                0x08007575   Thumb Code    14  bsp_i2c.o(.text)
    .text                                    0x08007748   Section        0  oled_i2c.o(.text)
    .text                                    0x08007a94   Section        0  bsp_spi_nrf.o(.text)
    .text                                    0x08007e70   Section        0  jq8x00.o(.text)
    .text                                    0x08008078   Section        0  usart4_1.o(.text)
    .text                                    0x08008174   Section        0  usart3.o(.text)
    NVIC_Configuration                       0x08008175   Thumb Code    38  usart3.o(.text)
    .text                                    0x080082b0   Section        0  memcpya.o(.text)
    .text                                    0x080082d4   Section        0  memseta.o(.text)
    .text                                    0x080082f8   Section        0  strstr.o(.text)
    .text                                    0x0800831c   Section        0  strlen.o(.text)
    .text                                    0x0800832a   Section        0  dadd.o(.text)
    .text                                    0x08008478   Section        0  dmul.o(.text)
    .text                                    0x0800855c   Section        0  ddiv.o(.text)
    .text                                    0x0800863a   Section        0  uidiv.o(.text)
    .text                                    0x08008666   Section        0  uldiv.o(.text)
    .text                                    0x080086c8   Section        0  llshl.o(.text)
    .text                                    0x080086e6   Section        0  llushr.o(.text)
    .text                                    0x08008706   Section        0  llsshr.o(.text)
    .text                                    0x0800872a   Section        0  depilogue.o(.text)
    .text                                    0x0800872a   Section        0  iusefp.o(.text)
    .text                                    0x080087e4   Section        0  dfixul.o(.text)
    .text                                    0x08008814   Section       48  cdrcmple.o(.text)
    .text                                    0x08008844   Section       36  init.o(.text)
    .text                                    0x08008868   Section        0  __dclz77c.o(.text)
    i.__0printf$5                            0x080088c8   Section        0  printf5.o(i.__0printf$5)
    i.__0sprintf$5                           0x080088e8   Section        0  printf5.o(i.__0sprintf$5)
    i.__0vsprintf                            0x08008910   Section        0  printfa.o(i.__0vsprintf)
    i.__scatterload_copy                     0x08008934   Section       14  handlers.o(i.__scatterload_copy)
    i.__scatterload_null                     0x08008942   Section        2  handlers.o(i.__scatterload_null)
    i.__scatterload_zeroinit                 0x08008944   Section       14  handlers.o(i.__scatterload_zeroinit)
    i._fp_digits                             0x08008954   Section        0  printfa.o(i._fp_digits)
    _fp_digits                               0x08008955   Thumb Code   334  printfa.o(i._fp_digits)
    i._printf_core                           0x08008ab8   Section        0  printf5.o(i._printf_core)
    _printf_core                             0x08008ab9   Thumb Code   658  printf5.o(i._printf_core)
    i._printf_core                           0x08008d78   Section        0  printfa.o(i._printf_core)
    _printf_core                             0x08008d79   Thumb Code  1744  printfa.o(i._printf_core)
    i._printf_post_padding                   0x08009454   Section        0  printfa.o(i._printf_post_padding)
    _printf_post_padding                     0x08009455   Thumb Code    36  printfa.o(i._printf_post_padding)
    i._printf_pre_padding                    0x08009478   Section        0  printfa.o(i._printf_pre_padding)
    _printf_pre_padding                      0x08009479   Thumb Code    46  printfa.o(i._printf_pre_padding)
    i._sputc                                 0x080094a6   Section        0  printf5.o(i._sputc)
    _sputc                                   0x080094a7   Thumb Code    10  printf5.o(i._sputc)
    i._sputc                                 0x080094b0   Section        0  printfa.o(i._sputc)
    _sputc                                   0x080094b1   Thumb Code    10  printfa.o(i._sputc)
    .constdata                               0x080094ba   Section       64  utils_md5.o(.constdata)
    iot_md5_padding                          0x080094ba   Data          64  utils_md5.o(.constdata)
    .constdata                               0x080094fa   Section       64  utils_sha1.o(.constdata)
    iot_sha1_padding                         0x080094fa   Data          64  utils_sha1.o(.constdata)
    .constdata                               0x0800953a   Section     2072  oled_i2c_2.o(.constdata)
    .constdata                               0x08009d52   Section     2072  oled_i2c.o(.constdata)
    .constdata                               0x0800a56c   Section       20  jq8x00.o(.constdata)
    .conststring                             0x0800a580   Section      378  schedule.o(.conststring)
    .conststring                             0x0800a6fc   Section       65  utils_hmac.o(.conststring)
    .data                                    0x20000000   Section       24  main_1.o(.data)
    .data                                    0x20000018   Section        2  stm32f10x_it.o(.data)
    .data                                    0x2000001c   Section      218  schedule.o(.data)
    .data                                    0x200000f8   Section       20  system_stm32f10x.o(.data)
    .data                                    0x2000010c   Section       20  stm32f10x_rcc.o(.data)
    APBAHBPrescTable                         0x2000010c   Data          16  stm32f10x_rcc.o(.data)
    ADCPrescTable                            0x2000011c   Data           4  stm32f10x_rcc.o(.data)
    .data                                    0x20000120   Section        4  bsp_systick.o(.data)
    TimingDelay                              0x20000120   Data           4  bsp_systick.o(.data)
    .data                                    0x20000124   Section        4  utils_hmac.o(.data)
    .data                                    0x20000128   Section       68  mqtt.o(.data)
    .data                                    0x2000016c   Section        1  wifi.o(.data)
    .data                                    0x20000170   Section        8  usart2_1.o(.data)
    .data                                    0x20000178   Section     1408  oled_i2c_2.o(.data)
    .data                                    0x200006f8   Section     1408  oled_i2c.o(.data)
    .data                                    0x20000c78   Section       18  bsp_spi_nrf.o(.data)
    .data                                    0x20000c8c   Section        4  stdout.o(.data)
    .bss                                     0x20000c90   Section       32  stm32f10x_it.o(.bss)
    .bss                                     0x20000cb0   Section     5312  mqtt.o(.bss)
    .bss                                     0x20002170   Section     2048  usart2_1.o(.bss)
    STACK                                    0x20002970   Section     1024  startup_stm32f10x_hd.o(STACK)

    Global Symbols

    Symbol Name                              Value     Ov Type        Size  Object(Section)

    BuildAttributes$$THM_ISAv4$P$D$K$B$S$PE$A:L22UL41UL21$X:L11$S22US41US21$IEEE1$IW$USESV6$~STKCKD$USESV7$~SHL$OTIME$ROPI$IEEEJ$EBA8$MICROLIB$REQ8$PRES8$EABIv2 0x00000000   Number         0  anon$$obj.o ABSOLUTE
    __ARM_use_no_argv                        0x00000000   Number         0  main_1.o ABSOLUTE
    _printf_a                                0x00000000   Number         0  stubs.o ABSOLUTE
    _printf_c                                0x00000000   Number         0  stubs.o ABSOLUTE
    _printf_charcount                        0x00000000   Number         0  stubs.o ABSOLUTE
    _printf_d                                0x00000000   Number         0  stubs.o ABSOLUTE
    _printf_e                                0x00000000   Number         0  stubs.o ABSOLUTE
    _printf_f                                0x00000000   Number         0  stubs.o ABSOLUTE
    _printf_flags                            0x00000000   Number         0  stubs.o ABSOLUTE
    _printf_fp_dec                           0x00000000   Number         0  stubs.o ABSOLUTE
    _printf_fp_hex                           0x00000000   Number         0  stubs.o ABSOLUTE
    _printf_g                                0x00000000   Number         0  stubs.o ABSOLUTE
    _printf_i                                0x00000000   Number         0  stubs.o ABSOLUTE
    _printf_int_dec                          0x00000000   Number         0  stubs.o ABSOLUTE
    _printf_l                                0x00000000   Number         0  stubs.o ABSOLUTE
    _printf_lc                               0x00000000   Number         0  stubs.o ABSOLUTE
    _printf_ll                               0x00000000   Number         0  stubs.o ABSOLUTE
    _printf_lld                              0x00000000   Number         0  stubs.o ABSOLUTE
    _printf_lli                              0x00000000   Number         0  stubs.o ABSOLUTE
    _printf_llo                              0x00000000   Number         0  stubs.o ABSOLUTE
    _printf_llu                              0x00000000   Number         0  stubs.o ABSOLUTE
    _printf_llx                              0x00000000   Number         0  stubs.o ABSOLUTE
    _printf_longlong_dec                     0x00000000   Number         0  stubs.o ABSOLUTE
    _printf_longlong_hex                     0x00000000   Number         0  stubs.o ABSOLUTE
    _printf_longlong_oct                     0x00000000   Number         0  stubs.o ABSOLUTE
    _printf_ls                               0x00000000   Number         0  stubs.o ABSOLUTE
    _printf_mbtowc                           0x00000000   Number         0  stubs.o ABSOLUTE
    _printf_n                                0x00000000   Number         0  stubs.o ABSOLUTE
    _printf_o                                0x00000000   Number         0  stubs.o ABSOLUTE
    _printf_p                                0x00000000   Number         0  stubs.o ABSOLUTE
    _printf_percent                          0x00000000   Number         0  stubs.o ABSOLUTE
    _printf_pre_padding                      0x00000000   Number         0  stubs.o ABSOLUTE
    _printf_return_value                     0x00000000   Number         0  stubs.o ABSOLUTE
    _printf_s                                0x00000000   Number         0  stubs.o ABSOLUTE
    _printf_sizespec                         0x00000000   Number         0  stubs.o ABSOLUTE
    _printf_str                              0x00000000   Number         0  stubs.o ABSOLUTE
    _printf_truncate_signed                  0x00000000   Number         0  stubs.o ABSOLUTE
    _printf_truncate_unsigned                0x00000000   Number         0  stubs.o ABSOLUTE
    _printf_u                                0x00000000   Number         0  stubs.o ABSOLUTE
    _printf_wc                               0x00000000   Number         0  stubs.o ABSOLUTE
    _printf_wctomb                           0x00000000   Number         0  stubs.o ABSOLUTE
    _printf_widthprec                        0x00000000   Number         0  stubs.o ABSOLUTE
    _printf_x                                0x00000000   Number         0  stubs.o ABSOLUTE
    __cpp_initialize__aeabi_                  - Undefined Weak Reference
    __cxa_finalize                            - Undefined Weak Reference
    _clock_init                               - Undefined Weak Reference
    _microlib_exit                            - Undefined Weak Reference
    __Vectors_Size                           0x00000130   Number         0  startup_stm32f10x_hd.o ABSOLUTE
    __Vectors                                0x08000000   Data           4  startup_stm32f10x_hd.o(RESET)
    __Vectors_End                            0x08000130   Data           0  startup_stm32f10x_hd.o(RESET)
    __main                                   0x08000131   Thumb Code     0  entry.o(.ARM.Collect$$$$00000000)
    _main_stk                                0x08000131   Thumb Code     0  entry2.o(.ARM.Collect$$$$00000001)
    _main_scatterload                        0x08000135   Thumb Code     0  entry5.o(.ARM.Collect$$$$00000004)
    __main_after_scatterload                 0x08000139   Thumb Code     0  entry5.o(.ARM.Collect$$$$00000004)
    _main_clock                              0x08000139   Thumb Code     0  entry7b.o(.ARM.Collect$$$$00000008)
    _main_cpp_init                           0x08000139   Thumb Code     0  entry8b.o(.ARM.Collect$$$$0000000A)
    _main_init                               0x08000139   Thumb Code     0  entry9a.o(.ARM.Collect$$$$0000000B)
    __rt_final_cpp                           0x08000141   Thumb Code     0  entry10a.o(.ARM.Collect$$$$0000000D)
    __rt_final_exit                          0x08000141   Thumb Code     0  entry11a.o(.ARM.Collect$$$$0000000F)
    Reset_Handler                            0x08000145   Thumb Code     8  startup_stm32f10x_hd.o(.text)
    ADC1_2_IRQHandler                        0x0800015f   Thumb Code     0  startup_stm32f10x_hd.o(.text)
    ADC3_IRQHandler                          0x0800015f   Thumb Code     0  startup_stm32f10x_hd.o(.text)
    CAN1_RX1_IRQHandler                      0x0800015f   Thumb Code     0  startup_stm32f10x_hd.o(.text)
    CAN1_SCE_IRQHandler                      0x0800015f   Thumb Code     0  startup_stm32f10x_hd.o(.text)
    DMA1_Channel1_IRQHandler                 0x0800015f   Thumb Code     0  startup_stm32f10x_hd.o(.text)
    DMA1_Channel2_IRQHandler                 0x0800015f   Thumb Code     0  startup_stm32f10x_hd.o(.text)
    DMA1_Channel3_IRQHandler                 0x0800015f   Thumb Code     0  startup_stm32f10x_hd.o(.text)
    DMA1_Channel4_IRQHandler                 0x0800015f   Thumb Code     0  startup_stm32f10x_hd.o(.text)
    DMA1_Channel5_IRQHandler                 0x0800015f   Thumb Code     0  startup_stm32f10x_hd.o(.text)
    DMA1_Channel6_IRQHandler                 0x0800015f   Thumb Code     0  startup_stm32f10x_hd.o(.text)
    DMA1_Channel7_IRQHandler                 0x0800015f   Thumb Code     0  startup_stm32f10x_hd.o(.text)
    DMA2_Channel1_IRQHandler                 0x0800015f   Thumb Code     0  startup_stm32f10x_hd.o(.text)
    DMA2_Channel2_IRQHandler                 0x0800015f   Thumb Code     0  startup_stm32f10x_hd.o(.text)
    DMA2_Channel3_IRQHandler                 0x0800015f   Thumb Code     0  startup_stm32f10x_hd.o(.text)
    DMA2_Channel4_5_IRQHandler               0x0800015f   Thumb Code     0  startup_stm32f10x_hd.o(.text)
    EXTI0_IRQHandler                         0x0800015f   Thumb Code     0  startup_stm32f10x_hd.o(.text)
    EXTI15_10_IRQHandler                     0x0800015f   Thumb Code     0  startup_stm32f10x_hd.o(.text)
    EXTI1_IRQHandler                         0x0800015f   Thumb Code     0  startup_stm32f10x_hd.o(.text)
    EXTI2_IRQHandler                         0x0800015f   Thumb Code     0  startup_stm32f10x_hd.o(.text)
    EXTI3_IRQHandler                         0x0800015f   Thumb Code     0  startup_stm32f10x_hd.o(.text)
    EXTI4_IRQHandler                         0x0800015f   Thumb Code     0  startup_stm32f10x_hd.o(.text)
    EXTI9_5_IRQHandler                       0x0800015f   Thumb Code     0  startup_stm32f10x_hd.o(.text)
    FLASH_IRQHandler                         0x0800015f   Thumb Code     0  startup_stm32f10x_hd.o(.text)
    FSMC_IRQHandler                          0x0800015f   Thumb Code     0  startup_stm32f10x_hd.o(.text)
    I2C1_ER_IRQHandler                       0x0800015f   Thumb Code     0  startup_stm32f10x_hd.o(.text)
    I2C1_EV_IRQHandler                       0x0800015f   Thumb Code     0  startup_stm32f10x_hd.o(.text)
    I2C2_ER_IRQHandler                       0x0800015f   Thumb Code     0  startup_stm32f10x_hd.o(.text)
    I2C2_EV_IRQHandler                       0x0800015f   Thumb Code     0  startup_stm32f10x_hd.o(.text)
    PVD_IRQHandler                           0x0800015f   Thumb Code     0  startup_stm32f10x_hd.o(.text)
    RCC_IRQHandler                           0x0800015f   Thumb Code     0  startup_stm32f10x_hd.o(.text)
    RTCAlarm_IRQHandler                      0x0800015f   Thumb Code     0  startup_stm32f10x_hd.o(.text)
    RTC_IRQHandler                           0x0800015f   Thumb Code     0  startup_stm32f10x_hd.o(.text)
    SDIO_IRQHandler                          0x0800015f   Thumb Code     0  startup_stm32f10x_hd.o(.text)
    SPI1_IRQHandler                          0x0800015f   Thumb Code     0  startup_stm32f10x_hd.o(.text)
    SPI2_IRQHandler                          0x0800015f   Thumb Code     0  startup_stm32f10x_hd.o(.text)
    SPI3_IRQHandler                          0x0800015f   Thumb Code     0  startup_stm32f10x_hd.o(.text)
    TAMPER_IRQHandler                        0x0800015f   Thumb Code     0  startup_stm32f10x_hd.o(.text)
    TIM1_BRK_IRQHandler                      0x0800015f   Thumb Code     0  startup_stm32f10x_hd.o(.text)
    TIM1_CC_IRQHandler                       0x0800015f   Thumb Code     0  startup_stm32f10x_hd.o(.text)
    TIM1_TRG_COM_IRQHandler                  0x0800015f   Thumb Code     0  startup_stm32f10x_hd.o(.text)
    TIM1_UP_IRQHandler                       0x0800015f   Thumb Code     0  startup_stm32f10x_hd.o(.text)
    TIM5_IRQHandler                          0x0800015f   Thumb Code     0  startup_stm32f10x_hd.o(.text)
    TIM6_IRQHandler                          0x0800015f   Thumb Code     0  startup_stm32f10x_hd.o(.text)
    TIM7_IRQHandler                          0x0800015f   Thumb Code     0  startup_stm32f10x_hd.o(.text)
    TIM8_BRK_IRQHandler                      0x0800015f   Thumb Code     0  startup_stm32f10x_hd.o(.text)
    TIM8_CC_IRQHandler                       0x0800015f   Thumb Code     0  startup_stm32f10x_hd.o(.text)
    TIM8_TRG_COM_IRQHandler                  0x0800015f   Thumb Code     0  startup_stm32f10x_hd.o(.text)
    TIM8_UP_IRQHandler                       0x0800015f   Thumb Code     0  startup_stm32f10x_hd.o(.text)
    UART4_IRQHandler                         0x0800015f   Thumb Code     0  startup_stm32f10x_hd.o(.text)
    USBWakeUp_IRQHandler                     0x0800015f   Thumb Code     0  startup_stm32f10x_hd.o(.text)
    USB_HP_CAN1_TX_IRQHandler                0x0800015f   Thumb Code     0  startup_stm32f10x_hd.o(.text)
    USB_LP_CAN1_RX0_IRQHandler               0x0800015f   Thumb Code     0  startup_stm32f10x_hd.o(.text)
    WWDG_IRQHandler                          0x0800015f   Thumb Code     0  startup_stm32f10x_hd.o(.text)
    main                                     0x08000169   Thumb Code  2392  main_1.o(.text)
    USART2_IRQHandler                        0x08000c29   Thumb Code   104  stm32f10x_it.o(.text)
    TIM4_IRQHandler                          0x08000c91   Thumb Code   122  stm32f10x_it.o(.text)
    TIM3_IRQHandler                          0x08000d0b   Thumb Code    98  stm32f10x_it.o(.text)
    TIM2_IRQHandler                          0x08000d6d   Thumb Code    22  stm32f10x_it.o(.text)
    NMI_Handler                              0x08000d83   Thumb Code     2  stm32f10x_it.o(.text)
    HardFault_Handler                        0x08000d85   Thumb Code     4  stm32f10x_it.o(.text)
    MemManage_Handler                        0x08000d89   Thumb Code     4  stm32f10x_it.o(.text)
    BusFault_Handler                         0x08000d8d   Thumb Code     4  stm32f10x_it.o(.text)
    UsageFault_Handler                       0x08000d91   Thumb Code     4  stm32f10x_it.o(.text)
    SVC_Handler                              0x08000d95   Thumb Code     2  stm32f10x_it.o(.text)
    DebugMon_Handler                         0x08000d97   Thumb Code     2  stm32f10x_it.o(.text)
    PendSV_Handler                           0x08000d99   Thumb Code     2  stm32f10x_it.o(.text)
    SysTick_Handler                          0x08000d9b   Thumb Code     8  stm32f10x_it.o(.text)
    USART1_IRQHandler                        0x08000da3   Thumb Code    14  stm32f10x_it.o(.text)
    USART3_IRQHandler                        0x08000db1   Thumb Code   688  stm32f10x_it.o(.text)
    UART5_IRQHandler                         0x08001061   Thumb Code    66  stm32f10x_it.o(.text)
    Voice_TASK                               0x080010b1   Thumb Code   120  schedule.o(.text)
    Schedule                                 0x08001129   Thumb Code     8  schedule.o(.text)
    NRF_send_selsct                          0x08001131   Thumb Code   102  schedule.o(.text)
    NRF_TASK                                 0x08001197   Thumb Code    50  schedule.o(.text)
    SOS_send_CALL                            0x080011c9   Thumb Code     2  schedule.o(.text)
    Command_State                            0x080011cb   Thumb Code   134  schedule.o(.text)
    Command1_State                           0x08001251   Thumb Code     2  schedule.o(.text)
    TempHumi_State                           0x08001253   Thumb Code     2  schedule.o(.text)
    SystemInit                               0x080013d7   Thumb Code    78  system_stm32f10x.o(.text)
    SystemCoreClockUpdate                    0x08001425   Thumb Code   142  system_stm32f10x.o(.text)
    NVIC_PriorityGroupConfig                 0x080014d9   Thumb Code    10  misc.o(.text)
    NVIC_Init                                0x080014e3   Thumb Code   100  misc.o(.text)
    NVIC_SetVectorTable                      0x08001547   Thumb Code    14  misc.o(.text)
    NVIC_SystemLPConfig                      0x08001555   Thumb Code    34  misc.o(.text)
    SysTick_CLKSourceConfig                  0x08001577   Thumb Code    40  misc.o(.text)
    GPIO_DeInit                              0x080015b5   Thumb Code   172  stm32f10x_gpio.o(.text)
    GPIO_AFIODeInit                          0x08001661   Thumb Code    20  stm32f10x_gpio.o(.text)
    GPIO_Init                                0x08001675   Thumb Code   278  stm32f10x_gpio.o(.text)
    GPIO_StructInit                          0x0800178b   Thumb Code    16  stm32f10x_gpio.o(.text)
    GPIO_ReadInputDataBit                    0x0800179b   Thumb Code    18  stm32f10x_gpio.o(.text)
    GPIO_ReadInputData                       0x080017ad   Thumb Code     8  stm32f10x_gpio.o(.text)
    GPIO_ReadOutputDataBit                   0x080017b5   Thumb Code    18  stm32f10x_gpio.o(.text)
    GPIO_ReadOutputData                      0x080017c7   Thumb Code     8  stm32f10x_gpio.o(.text)
    GPIO_SetBits                             0x080017cf   Thumb Code     4  stm32f10x_gpio.o(.text)
    GPIO_ResetBits                           0x080017d3   Thumb Code     4  stm32f10x_gpio.o(.text)
    GPIO_WriteBit                            0x080017d7   Thumb Code    10  stm32f10x_gpio.o(.text)
    GPIO_Write                               0x080017e1   Thumb Code     4  stm32f10x_gpio.o(.text)
    GPIO_PinLockConfig                       0x080017e5   Thumb Code    18  stm32f10x_gpio.o(.text)
    GPIO_EventOutputConfig                   0x080017f7   Thumb Code    26  stm32f10x_gpio.o(.text)
    GPIO_EventOutputCmd                      0x08001811   Thumb Code     6  stm32f10x_gpio.o(.text)
    GPIO_PinRemapConfig                      0x08001817   Thumb Code   138  stm32f10x_gpio.o(.text)
    GPIO_EXTILineConfig                      0x080018a1   Thumb Code    66  stm32f10x_gpio.o(.text)
    GPIO_ETH_MediaInterfaceConfig            0x080018e3   Thumb Code     8  stm32f10x_gpio.o(.text)
    RCC_DeInit                               0x08001911   Thumb Code    64  stm32f10x_rcc.o(.text)
    RCC_HSEConfig                            0x08001951   Thumb Code    70  stm32f10x_rcc.o(.text)
    RCC_GetFlagStatus                        0x08001997   Thumb Code    56  stm32f10x_rcc.o(.text)
    RCC_WaitForHSEStartUp                    0x080019cf   Thumb Code    56  stm32f10x_rcc.o(.text)
    RCC_AdjustHSICalibrationValue            0x08001a07   Thumb Code    20  stm32f10x_rcc.o(.text)
    RCC_HSICmd                               0x08001a1b   Thumb Code     6  stm32f10x_rcc.o(.text)
    RCC_PLLConfig                            0x08001a21   Thumb Code    24  stm32f10x_rcc.o(.text)
    RCC_PLLCmd                               0x08001a39   Thumb Code     6  stm32f10x_rcc.o(.text)
    RCC_SYSCLKConfig                         0x08001a3f   Thumb Code    18  stm32f10x_rcc.o(.text)
    RCC_GetSYSCLKSource                      0x08001a51   Thumb Code    10  stm32f10x_rcc.o(.text)
    RCC_HCLKConfig                           0x08001a5b   Thumb Code    18  stm32f10x_rcc.o(.text)
    RCC_PCLK1Config                          0x08001a6d   Thumb Code    18  stm32f10x_rcc.o(.text)
    RCC_PCLK2Config                          0x08001a7f   Thumb Code    20  stm32f10x_rcc.o(.text)
    RCC_ITConfig                             0x08001a93   Thumb Code    26  stm32f10x_rcc.o(.text)
    RCC_USBCLKConfig                         0x08001aad   Thumb Code     8  stm32f10x_rcc.o(.text)
    RCC_ADCCLKConfig                         0x08001ab5   Thumb Code    18  stm32f10x_rcc.o(.text)
    RCC_LSEConfig                            0x08001ac7   Thumb Code    50  stm32f10x_rcc.o(.text)
    RCC_LSICmd                               0x08001af9   Thumb Code     6  stm32f10x_rcc.o(.text)
    RCC_RTCCLKConfig                         0x08001aff   Thumb Code    12  stm32f10x_rcc.o(.text)
    RCC_RTCCLKCmd                            0x08001b0b   Thumb Code     8  stm32f10x_rcc.o(.text)
    RCC_GetClocksFreq                        0x08001b13   Thumb Code   192  stm32f10x_rcc.o(.text)
    RCC_AHBPeriphClockCmd                    0x08001bd3   Thumb Code    26  stm32f10x_rcc.o(.text)
    RCC_APB2PeriphClockCmd                   0x08001bed   Thumb Code    26  stm32f10x_rcc.o(.text)
    RCC_APB1PeriphClockCmd                   0x08001c07   Thumb Code    26  stm32f10x_rcc.o(.text)
    RCC_APB2PeriphResetCmd                   0x08001c21   Thumb Code    26  stm32f10x_rcc.o(.text)
    RCC_APB1PeriphResetCmd                   0x08001c3b   Thumb Code    26  stm32f10x_rcc.o(.text)
    RCC_BackupResetCmd                       0x08001c55   Thumb Code     8  stm32f10x_rcc.o(.text)
    RCC_ClockSecuritySystemCmd               0x08001c5d   Thumb Code     6  stm32f10x_rcc.o(.text)
    RCC_MCOConfig                            0x08001c63   Thumb Code     6  stm32f10x_rcc.o(.text)
    RCC_ClearFlag                            0x08001c69   Thumb Code    14  stm32f10x_rcc.o(.text)
    RCC_GetITStatus                          0x08001c77   Thumb Code    20  stm32f10x_rcc.o(.text)
    RCC_ClearITPendingBit                    0x08001c8b   Thumb Code     6  stm32f10x_rcc.o(.text)
    SPI_I2S_DeInit                           0x08001cb5   Thumb Code    76  stm32f10x_spi.o(.text)
    SPI_Init                                 0x08001d01   Thumb Code    60  stm32f10x_spi.o(.text)
    I2S_Init                                 0x08001d3d   Thumb Code   226  stm32f10x_spi.o(.text)
    SPI_StructInit                           0x08001e1f   Thumb Code    24  stm32f10x_spi.o(.text)
    I2S_StructInit                           0x08001e37   Thumb Code    20  stm32f10x_spi.o(.text)
    SPI_Cmd                                  0x08001e4b   Thumb Code    24  stm32f10x_spi.o(.text)
    I2S_Cmd                                  0x08001e63   Thumb Code    24  stm32f10x_spi.o(.text)
    SPI_I2S_ITConfig                         0x08001e7b   Thumb Code    32  stm32f10x_spi.o(.text)
    SPI_I2S_DMACmd                           0x08001e9b   Thumb Code    18  stm32f10x_spi.o(.text)
    SPI_I2S_SendData                         0x08001ead   Thumb Code     4  stm32f10x_spi.o(.text)
    SPI_I2S_ReceiveData                      0x08001eb1   Thumb Code     6  stm32f10x_spi.o(.text)
    SPI_NSSInternalSoftwareConfig            0x08001eb7   Thumb Code    30  stm32f10x_spi.o(.text)
    SPI_SSOutputCmd                          0x08001ed5   Thumb Code    24  stm32f10x_spi.o(.text)
    SPI_DataSizeConfig                       0x08001eed   Thumb Code    18  stm32f10x_spi.o(.text)
    SPI_TransmitCRC                          0x08001eff   Thumb Code    10  stm32f10x_spi.o(.text)
    SPI_CalculateCRC                         0x08001f09   Thumb Code    24  stm32f10x_spi.o(.text)
    SPI_GetCRC                               0x08001f21   Thumb Code    16  stm32f10x_spi.o(.text)
    SPI_GetCRCPolynomial                     0x08001f31   Thumb Code     6  stm32f10x_spi.o(.text)
    SPI_BiDirectionalLineConfig              0x08001f37   Thumb Code    28  stm32f10x_spi.o(.text)
    SPI_I2S_GetFlagStatus                    0x08001f53   Thumb Code    18  stm32f10x_spi.o(.text)
    SPI_I2S_ClearFlag                        0x08001f65   Thumb Code     6  stm32f10x_spi.o(.text)
    SPI_I2S_GetITStatus                      0x08001f6b   Thumb Code    52  stm32f10x_spi.o(.text)
    SPI_I2S_ClearITPendingBit                0x08001f9f   Thumb Code    20  stm32f10x_spi.o(.text)
    TIM_DeInit                               0x08001fc1   Thumb Code   424  stm32f10x_tim.o(.text)
    TIM_TimeBaseInit                         0x08002169   Thumb Code   122  stm32f10x_tim.o(.text)
    TIM_OC1Init                              0x080021e3   Thumb Code   132  stm32f10x_tim.o(.text)
    TIM_OC2Init                              0x08002267   Thumb Code   154  stm32f10x_tim.o(.text)
    TIM_OC3Init                              0x08002301   Thumb Code   150  stm32f10x_tim.o(.text)
    TIM_OC4Init                              0x08002397   Thumb Code   182  stm32f10x_tim.o(.text)
    TIM_SetIC4Prescaler                      0x0800244d   Thumb Code    26  stm32f10x_tim.o(.text)
    TIM_SetIC3Prescaler                      0x080024e9   Thumb Code    18  stm32f10x_tim.o(.text)
    TIM_SetIC2Prescaler                      0x08002575   Thumb Code    26  stm32f10x_tim.o(.text)
    TIM_SetIC1Prescaler                      0x08002611   Thumb Code    18  stm32f10x_tim.o(.text)
    TIM_ICInit                               0x0800268f   Thumb Code   150  stm32f10x_tim.o(.text)
    TIM_PWMIConfig                           0x08002725   Thumb Code   124  stm32f10x_tim.o(.text)
    TIM_BDTRConfig                           0x080027a1   Thumb Code    32  stm32f10x_tim.o(.text)
    TIM_TimeBaseStructInit                   0x080027c1   Thumb Code    18  stm32f10x_tim.o(.text)
    TIM_OCStructInit                         0x080027d3   Thumb Code    20  stm32f10x_tim.o(.text)
    TIM_ICStructInit                         0x080027e7   Thumb Code    18  stm32f10x_tim.o(.text)
    TIM_BDTRStructInit                       0x080027f9   Thumb Code    40  stm32f10x_tim.o(.text)
    TIM_Cmd                                  0x08002821   Thumb Code    24  stm32f10x_tim.o(.text)
    TIM_CtrlPWMOutputs                       0x08002839   Thumb Code    30  stm32f10x_tim.o(.text)
    TIM_ITConfig                             0x08002857   Thumb Code    18  stm32f10x_tim.o(.text)
    TIM_GenerateEvent                        0x08002869   Thumb Code     4  stm32f10x_tim.o(.text)
    TIM_DMAConfig                            0x0800286d   Thumb Code    10  stm32f10x_tim.o(.text)
    TIM_DMACmd                               0x08002877   Thumb Code    18  stm32f10x_tim.o(.text)
    TIM_InternalClockConfig                  0x08002889   Thumb Code    12  stm32f10x_tim.o(.text)
    TIM_SelectInputTrigger                   0x08002895   Thumb Code    18  stm32f10x_tim.o(.text)
    TIM_ITRxExternalClockConfig              0x080028a7   Thumb Code    24  stm32f10x_tim.o(.text)
    TIM_TIxExternalClockConfig               0x080028bf   Thumb Code    62  stm32f10x_tim.o(.text)
    TIM_ETRConfig                            0x080028fd   Thumb Code    28  stm32f10x_tim.o(.text)
    TIM_ETRClockMode1Config                  0x08002919   Thumb Code    54  stm32f10x_tim.o(.text)
    TIM_ETRClockMode2Config                  0x0800294f   Thumb Code    32  stm32f10x_tim.o(.text)
    TIM_PrescalerConfig                      0x0800296f   Thumb Code     6  stm32f10x_tim.o(.text)
    TIM_CounterModeConfig                    0x08002975   Thumb Code    18  stm32f10x_tim.o(.text)
    TIM_EncoderInterfaceConfig               0x08002987   Thumb Code    66  stm32f10x_tim.o(.text)
    TIM_ForcedOC1Config                      0x080029c9   Thumb Code    18  stm32f10x_tim.o(.text)
    TIM_ForcedOC2Config                      0x080029db   Thumb Code    26  stm32f10x_tim.o(.text)
    TIM_ForcedOC3Config                      0x080029f5   Thumb Code    18  stm32f10x_tim.o(.text)
    TIM_ForcedOC4Config                      0x08002a07   Thumb Code    26  stm32f10x_tim.o(.text)
    TIM_ARRPreloadConfig                     0x08002a21   Thumb Code    24  stm32f10x_tim.o(.text)
    TIM_SelectCOM                            0x08002a39   Thumb Code    24  stm32f10x_tim.o(.text)
    TIM_SelectCCDMA                          0x08002a51   Thumb Code    24  stm32f10x_tim.o(.text)
    TIM_CCPreloadControl                     0x08002a69   Thumb Code    24  stm32f10x_tim.o(.text)
    TIM_OC1PreloadConfig                     0x08002a81   Thumb Code    18  stm32f10x_tim.o(.text)
    TIM_OC2PreloadConfig                     0x08002a93   Thumb Code    26  stm32f10x_tim.o(.text)
    TIM_OC3PreloadConfig                     0x08002aad   Thumb Code    18  stm32f10x_tim.o(.text)
    TIM_OC4PreloadConfig                     0x08002abf   Thumb Code    26  stm32f10x_tim.o(.text)
    TIM_OC1FastConfig                        0x08002ad9   Thumb Code    18  stm32f10x_tim.o(.text)
    TIM_OC2FastConfig                        0x08002aeb   Thumb Code    26  stm32f10x_tim.o(.text)
    TIM_OC3FastConfig                        0x08002b05   Thumb Code    18  stm32f10x_tim.o(.text)
    TIM_OC4FastConfig                        0x08002b17   Thumb Code    26  stm32f10x_tim.o(.text)
    TIM_ClearOC1Ref                          0x08002b31   Thumb Code    18  stm32f10x_tim.o(.text)
    TIM_ClearOC2Ref                          0x08002b43   Thumb Code    24  stm32f10x_tim.o(.text)
    TIM_ClearOC3Ref                          0x08002b5b   Thumb Code    18  stm32f10x_tim.o(.text)
    TIM_ClearOC4Ref                          0x08002b6d   Thumb Code    24  stm32f10x_tim.o(.text)
    TIM_OC1PolarityConfig                    0x08002b85   Thumb Code    18  stm32f10x_tim.o(.text)
    TIM_OC1NPolarityConfig                   0x08002b97   Thumb Code    18  stm32f10x_tim.o(.text)
    TIM_OC2PolarityConfig                    0x08002ba9   Thumb Code    26  stm32f10x_tim.o(.text)
    TIM_OC2NPolarityConfig                   0x08002bc3   Thumb Code    26  stm32f10x_tim.o(.text)
    TIM_OC3PolarityConfig                    0x08002bdd   Thumb Code    26  stm32f10x_tim.o(.text)
    TIM_OC3NPolarityConfig                   0x08002bf7   Thumb Code    26  stm32f10x_tim.o(.text)
    TIM_OC4PolarityConfig                    0x08002c11   Thumb Code    26  stm32f10x_tim.o(.text)
    TIM_CCxCmd                               0x08002c2b   Thumb Code    30  stm32f10x_tim.o(.text)
    TIM_CCxNCmd                              0x08002c49   Thumb Code    30  stm32f10x_tim.o(.text)
    TIM_SelectOCxM                           0x08002c67   Thumb Code    82  stm32f10x_tim.o(.text)
    TIM_UpdateDisableConfig                  0x08002cb9   Thumb Code    24  stm32f10x_tim.o(.text)
    TIM_UpdateRequestConfig                  0x08002cd1   Thumb Code    24  stm32f10x_tim.o(.text)
    TIM_SelectHallSensor                     0x08002ce9   Thumb Code    24  stm32f10x_tim.o(.text)
    TIM_SelectOnePulseMode                   0x08002d01   Thumb Code    18  stm32f10x_tim.o(.text)
    TIM_SelectOutputTrigger                  0x08002d13   Thumb Code    18  stm32f10x_tim.o(.text)
    TIM_SelectSlaveMode                      0x08002d25   Thumb Code    18  stm32f10x_tim.o(.text)
    TIM_SelectMasterSlaveMode                0x08002d37   Thumb Code    18  stm32f10x_tim.o(.text)
    TIM_SetCounter                           0x08002d49   Thumb Code     4  stm32f10x_tim.o(.text)
    TIM_SetAutoreload                        0x08002d4d   Thumb Code     4  stm32f10x_tim.o(.text)
    TIM_SetCompare1                          0x08002d51   Thumb Code     4  stm32f10x_tim.o(.text)
    TIM_SetCompare2                          0x08002d55   Thumb Code     4  stm32f10x_tim.o(.text)
    TIM_SetCompare3                          0x08002d59   Thumb Code     4  stm32f10x_tim.o(.text)
    TIM_SetCompare4                          0x08002d5d   Thumb Code     6  stm32f10x_tim.o(.text)
    TIM_SetClockDivision                     0x08002d63   Thumb Code    18  stm32f10x_tim.o(.text)
    TIM_GetCapture1                          0x08002d75   Thumb Code     6  stm32f10x_tim.o(.text)
    TIM_GetCapture2                          0x08002d7b   Thumb Code     6  stm32f10x_tim.o(.text)
    TIM_GetCapture3                          0x08002d81   Thumb Code     6  stm32f10x_tim.o(.text)
    TIM_GetCapture4                          0x08002d87   Thumb Code     8  stm32f10x_tim.o(.text)
    TIM_GetCounter                           0x08002d8f   Thumb Code     6  stm32f10x_tim.o(.text)
    TIM_GetPrescaler                         0x08002d95   Thumb Code     6  stm32f10x_tim.o(.text)
    TIM_GetFlagStatus                        0x08002d9b   Thumb Code    18  stm32f10x_tim.o(.text)
    TIM_ClearFlag                            0x08002dad   Thumb Code     6  stm32f10x_tim.o(.text)
    TIM_GetITStatus                          0x08002db3   Thumb Code    34  stm32f10x_tim.o(.text)
    TIM_ClearITPendingBit                    0x08002dd5   Thumb Code     6  stm32f10x_tim.o(.text)
    USART_DeInit                             0x08002ddd   Thumb Code   134  stm32f10x_usart.o(.text)
    USART_Init                               0x08002e63   Thumb Code   210  stm32f10x_usart.o(.text)
    USART_StructInit                         0x08002f35   Thumb Code    24  stm32f10x_usart.o(.text)
    USART_ClockInit                          0x08002f4d   Thumb Code    34  stm32f10x_usart.o(.text)
    USART_ClockStructInit                    0x08002f6f   Thumb Code    12  stm32f10x_usart.o(.text)
    USART_Cmd                                0x08002f7b   Thumb Code    24  stm32f10x_usart.o(.text)
    USART_ITConfig                           0x08002f93   Thumb Code    74  stm32f10x_usart.o(.text)
    USART_DMACmd                             0x08002fdd   Thumb Code    18  stm32f10x_usart.o(.text)
    USART_SetAddress                         0x08002fef   Thumb Code    18  stm32f10x_usart.o(.text)
    USART_WakeUpConfig                       0x08003001   Thumb Code    18  stm32f10x_usart.o(.text)
    USART_ReceiverWakeUpCmd                  0x08003013   Thumb Code    24  stm32f10x_usart.o(.text)
    USART_LINBreakDetectLengthConfig         0x0800302b   Thumb Code    18  stm32f10x_usart.o(.text)
    USART_LINCmd                             0x0800303d   Thumb Code    24  stm32f10x_usart.o(.text)
    USART_SendData                           0x08003055   Thumb Code     8  stm32f10x_usart.o(.text)
    USART_ReceiveData                        0x0800305d   Thumb Code    10  stm32f10x_usart.o(.text)
    USART_SendBreak                          0x08003067   Thumb Code    10  stm32f10x_usart.o(.text)
    USART_SetGuardTime                       0x08003071   Thumb Code    16  stm32f10x_usart.o(.text)
    USART_SetPrescaler                       0x08003081   Thumb Code    16  stm32f10x_usart.o(.text)
    USART_SmartCardCmd                       0x08003091   Thumb Code    24  stm32f10x_usart.o(.text)
    USART_SmartCardNACKCmd                   0x080030a9   Thumb Code    24  stm32f10x_usart.o(.text)
    USART_HalfDuplexCmd                      0x080030c1   Thumb Code    24  stm32f10x_usart.o(.text)
    USART_OverSampling8Cmd                   0x080030d9   Thumb Code    22  stm32f10x_usart.o(.text)
    USART_OneBitMethodCmd                    0x080030ef   Thumb Code    24  stm32f10x_usart.o(.text)
    USART_IrDAConfig                         0x08003107   Thumb Code    18  stm32f10x_usart.o(.text)
    USART_IrDACmd                            0x08003119   Thumb Code    24  stm32f10x_usart.o(.text)
    USART_GetFlagStatus                      0x08003131   Thumb Code    26  stm32f10x_usart.o(.text)
    USART_ClearFlag                          0x0800314b   Thumb Code    18  stm32f10x_usart.o(.text)
    USART_GetITStatus                        0x0800315d   Thumb Code    84  stm32f10x_usart.o(.text)
    USART_ClearITPendingBit                  0x080031b1   Thumb Code    52  stm32f10x_usart.o(.text)
    SysTick_Init                             0x08003231   Thumb Code    26  bsp_systick.o(.text)
    Delay_us                                 0x0800324b   Thumb Code    36  bsp_systick.o(.text)
    TimingDelay_Decrement                    0x0800326f   Thumb Code    18  bsp_systick.o(.text)
    SysTick_Delay_Us                         0x08003281   Thumb Code    64  bsp_systick.o(.text)
    SysTick_Delay_Ms                         0x080032c1   Thumb Code    66  bsp_systick.o(.text)
    GPIO_Config                              0x0800331d   Thumb Code   332  bsp_led.o(.text)
    TIM2_ENABLE_10S                          0x08003475   Thumb Code   118  timer2.o(.text)
    TIM3_ENABLE_30S                          0x080034ed   Thumb Code   114  timer3.o(.text)
    TIM3_ENABLE_2S                           0x0800355f   Thumb Code   116  timer3.o(.text)
    TIM4_Init                                0x080035d9   Thumb Code   106  timer4.o(.text)
    USART_Config                             0x0800366f   Thumb Code   136  usart.o(.text)
    Usart_SendByte                           0x080036f7   Thumb Code    30  usart.o(.text)
    fputc                                    0x08003715   Thumb Code    32  usart.o(.text)
    fgetc                                    0x08003735   Thumb Code    26  usart.o(.text)
    utils_hmac_md5                           0x08003759   Thumb Code   232  utils_hmac.o(.text)
    utils_hmac_sha1                          0x08003841   Thumb Code   232  utils_hmac.o(.text)
    base64_decode                            0x08003929   Thumb Code   262  utils_hmac.o(.text)
    utils_md5_init                           0x08003a4b   Thumb Code    14  utils_md5.o(.text)
    utils_md5_free                           0x08003a59   Thumb Code    20  utils_md5.o(.text)
    utils_md5_clone                          0x08003a6d   Thumb Code    18  utils_md5.o(.text)
    utils_md5_starts                         0x08003a7f   Thumb Code    26  utils_md5.o(.text)
    utils_md5_process                        0x08003a99   Thumb Code  2326  utils_md5.o(.text)
    utils_md5_update                         0x080043af   Thumb Code   124  utils_md5.o(.text)
    utils_md5_finish                         0x0800442b   Thumb Code   206  utils_md5.o(.text)
    utils_md5                                0x080044f9   Thumb Code    50  utils_md5.o(.text)
    utils_hb2hex                             0x0800452b   Thumb Code    24  utils_md5.o(.text)
    utils_sha1_init                          0x0800455f   Thumb Code    14  utils_sha1.o(.text)
    utils_sha1_free                          0x0800456d   Thumb Code    20  utils_sha1.o(.text)
    utils_sha1_clone                         0x08004581   Thumb Code    18  utils_sha1.o(.text)
    utils_sha1_starts                        0x08004593   Thumb Code    30  utils_sha1.o(.text)
    utils_sha1_process                       0x080045b1   Thumb Code  6442  utils_sha1.o(.text)
    utils_sha1_update                        0x08005edb   Thumb Code   124  utils_sha1.o(.text)
    utils_sha1_finish                        0x08005f57   Thumb Code   228  utils_sha1.o(.text)
    utils_sha1                               0x0800603b   Thumb Code    50  utils_sha1.o(.text)
    TxDataBuf_Deal                           0x08006075   Thumb Code    86  mqtt.o(.text)
    MQTT_Subscribe                           0x080060cb   Thumb Code   134  mqtt.o(.text)
    MQTT_ConectPack                          0x08006151   Thumb Code   496  mqtt.o(.text)
    MQTT_Buff_Init                           0x08006341   Thumb Code    90  mqtt.o(.text)
    AliIoT_Parameter_Init                    0x0800639b   Thumb Code   614  mqtt.o(.text)
    MQTT_PingREQ                             0x08006601   Thumb Code    22  mqtt.o(.text)
    MQTT_PublishQs0                          0x08006617   Thumb Code   220  mqtt.o(.text)
    CMDBuf_Deal                              0x080066f3   Thumb Code    96  mqtt.o(.text)
    MQTT_DealPushdata_Qs0                    0x08006753   Thumb Code   234  mqtt.o(.text)
    WiFi_ResetIO_Init                        0x08006875   Thumb Code    48  wifi.o(.text)
    WiFi_SendCmd                             0x080068a5   Thumb Code    88  wifi.o(.text)
    WiFi_Reset                               0x080068fd   Thumb Code    90  wifi.o(.text)
    WiFi_JoinAP                              0x08006957   Thumb Code    86  wifi.o(.text)
    WiFi_Connect_Server                      0x080069ad   Thumb Code   194  wifi.o(.text)
    WiFi_Smartconfig                         0x08006a6f   Thumb Code    76  wifi.o(.text)
    WiFi_WaitAP                              0x08006abb   Thumb Code    60  wifi.o(.text)
    WiFi_Connect_IoTServer                   0x08006af7   Thumb Code   232  wifi.o(.text)
    Usart2_Init                              0x08006ef9   Thumb Code   176  usart2_1.o(.text)
    u2_printf                                0x08006fa9   Thumb Code    84  usart2_1.o(.text)
    u2_TxData                                0x08006ffd   Thumb Code    58  usart2_1.o(.text)
    i2c_2_Start                              0x08007053   Thumb Code    44  bsp_i2c_2.o(.text)
    i2c_2_Stop                               0x0800707f   Thumb Code    28  bsp_i2c_2.o(.text)
    i2c_2_SendByte                           0x0800709b   Thumb Code    82  bsp_i2c_2.o(.text)
    i2c_2_Ack                                0x080070ed   Thumb Code    48  bsp_i2c_2.o(.text)
    i2c_2_NAck                               0x0800711d   Thumb Code    40  bsp_i2c_2.o(.text)
    i2c_2_ReadByte                           0x08007145   Thumb Code    76  bsp_i2c_2.o(.text)
    i2c_2_WaitAck                            0x08007191   Thumb Code    58  bsp_i2c_2.o(.text)
    i2c_2_GPIO_Config                        0x080071cb   Thumb Code    54  bsp_i2c_2.o(.text)
    i2c_2_CheckDevice                        0x08007201   Thumb Code    32  bsp_i2c_2.o(.text)
    I2C_2_WriteByte                          0x08007229   Thumb Code    46  oled_i2c_2.o(.text)
    WriteCmd_2                               0x08007257   Thumb Code    14  oled_i2c_2.o(.text)
    WriteDat_2                               0x08007265   Thumb Code    14  oled_i2c_2.o(.text)
    OLED_Init_2                              0x08007273   Thumb Code   180  oled_i2c_2.o(.text)
    OLED_SetPos_2                            0x08007327   Thumb Code    40  oled_i2c_2.o(.text)
    OLED_Fill_2                              0x0800734f   Thumb Code    58  oled_i2c_2.o(.text)
    OLED_CLS_2                               0x08007389   Thumb Code    10  oled_i2c_2.o(.text)
    OLED_ON_2                                0x08007393   Thumb Code    22  oled_i2c_2.o(.text)
    OLED_OFF_2                               0x080073a9   Thumb Code    22  oled_i2c_2.o(.text)
    OLED_ShowStr_2                           0x080073bf   Thumb Code   228  oled_i2c_2.o(.text)
    OLED_ShowCN_2                            0x080074a3   Thumb Code    80  oled_i2c_2.o(.text)
    OLED_DrawBMP_2                           0x080074f3   Thumb Code   116  oled_i2c_2.o(.text)
    i2c_Start                                0x08007583   Thumb Code    42  bsp_i2c.o(.text)
    i2c_Stop                                 0x080075ad   Thumb Code    28  bsp_i2c.o(.text)
    i2c_SendByte                             0x080075c9   Thumb Code    80  bsp_i2c.o(.text)
    i2c_Ack                                  0x08007619   Thumb Code    44  bsp_i2c.o(.text)
    i2c_NAck                                 0x08007645   Thumb Code    36  bsp_i2c.o(.text)
    i2c_ReadByte                             0x08007669   Thumb Code    76  bsp_i2c.o(.text)
    i2c_WaitAck                              0x080076b5   Thumb Code    56  bsp_i2c.o(.text)
    i2c_GPIO_Config                          0x080076ed   Thumb Code    50  bsp_i2c.o(.text)
    i2c_CheckDevice                          0x0800771f   Thumb Code    32  bsp_i2c.o(.text)
    I2C_WriteByte                            0x08007749   Thumb Code    46  oled_i2c.o(.text)
    WriteCmd                                 0x08007777   Thumb Code    14  oled_i2c.o(.text)
    WriteDat                                 0x08007785   Thumb Code    14  oled_i2c.o(.text)
    OLED_Init                                0x08007793   Thumb Code   180  oled_i2c.o(.text)
    OLED_SetPos                              0x08007847   Thumb Code    40  oled_i2c.o(.text)
    OLED_Fill                                0x0800786f   Thumb Code    58  oled_i2c.o(.text)
    OLED_CLS                                 0x080078a9   Thumb Code    10  oled_i2c.o(.text)
    OLED_ON                                  0x080078b3   Thumb Code    22  oled_i2c.o(.text)
    OLED_OFF                                 0x080078c9   Thumb Code    22  oled_i2c.o(.text)
    OLED_ShowStr                             0x080078df   Thumb Code   228  oled_i2c.o(.text)
    OLED_ShowCN                              0x080079c3   Thumb Code    80  oled_i2c.o(.text)
    OLED_DrawBMP                             0x08007a13   Thumb Code   116  oled_i2c.o(.text)
    Delay                                    0x08007a95   Thumb Code    18  bsp_spi_nrf.o(.text)
    SPI_NRF_RW                               0x08007aa7   Thumb Code    50  bsp_spi_nrf.o(.text)
    SPI_NRF_ReadBuf                          0x08007ad9   Thumb Code    68  bsp_spi_nrf.o(.text)
    SPI_NRF_WriteBuf                         0x08007b1d   Thumb Code    68  bsp_spi_nrf.o(.text)
    NRF_Check                                0x08007b61   Thumb Code    68  bsp_spi_nrf.o(.text)
    SPI_NRF_Init                             0x08007ba5   Thumb Code   232  bsp_spi_nrf.o(.text)
    SPI_NRF_WriteReg                         0x08007c8d   Thumb Code    48  bsp_spi_nrf.o(.text)
    SPI_NRF_ReadReg                          0x08007cbd   Thumb Code    46  bsp_spi_nrf.o(.text)
    NRF_RX_Mode                              0x08007ceb   Thumb Code    78  bsp_spi_nrf.o(.text)
    NRF_TX_Mode                              0x08007d39   Thumb Code    96  bsp_spi_nrf.o(.text)
    NRF_Tx_Dat                               0x08007d99   Thumb Code    92  bsp_spi_nrf.o(.text)
    NRF_Rx_Dat                               0x08007df5   Thumb Code    82  bsp_spi_nrf.o(.text)
    JQ8x00_ZuHeBoFang                        0x08007e71   Thumb Code   138  jq8x00.o(.text)
    JQ8x00_Command                           0x08007efb   Thumb Code    54  jq8x00.o(.text)
    JQ8x00_Command_Data                      0x08007f31   Thumb Code   168  jq8x00.o(.text)
    JQ8x00_RandomPathPlay                    0x08007fd9   Thumb Code   154  jq8x00.o(.text)
    USART4_Config                            0x08008079   Thumb Code   120  usart4_1.o(.text)
    Usart4_SendByte                          0x080080f1   Thumb Code    30  usart4_1.o(.text)
    Usart4_SendString                        0x0800810f   Thumb Code    42  usart4_1.o(.text)
    UART4_SendCode                           0x08008139   Thumb Code    52  usart4_1.o(.text)
    USART3_Config                            0x0800819b   Thumb Code   136  usart3.o(.text)
    Usart3_SendByte                          0x08008223   Thumb Code    30  usart3.o(.text)
    Usart3_SendString                        0x08008241   Thumb Code    42  usart3.o(.text)
    Usart3_SendHalfWord                      0x0800826b   Thumb Code    60  usart3.o(.text)
    __aeabi_memcpy                           0x080082b1   Thumb Code    36  memcpya.o(.text)
    __aeabi_memcpy4                          0x080082b1   Thumb Code     0  memcpya.o(.text)
    __aeabi_memcpy8                          0x080082b1   Thumb Code     0  memcpya.o(.text)
    __aeabi_memset                           0x080082d5   Thumb Code    14  memseta.o(.text)
    __aeabi_memset4                          0x080082d5   Thumb Code     0  memseta.o(.text)
    __aeabi_memset8                          0x080082d5   Thumb Code     0  memseta.o(.text)
    __aeabi_memclr                           0x080082e3   Thumb Code     4  memseta.o(.text)
    __aeabi_memclr4                          0x080082e3   Thumb Code     0  memseta.o(.text)
    __aeabi_memclr8                          0x080082e3   Thumb Code     0  memseta.o(.text)
    _memset$wrapper                          0x080082e7   Thumb Code    18  memseta.o(.text)
    strstr                                   0x080082f9   Thumb Code    36  strstr.o(.text)
    strlen                                   0x0800831d   Thumb Code    14  strlen.o(.text)
    __aeabi_dadd                             0x0800832b   Thumb Code   322  dadd.o(.text)
    __aeabi_dsub                             0x0800846d   Thumb Code     6  dadd.o(.text)
    __aeabi_drsub                            0x08008473   Thumb Code     6  dadd.o(.text)
    __aeabi_dmul                             0x08008479   Thumb Code   228  dmul.o(.text)
    __aeabi_ddiv                             0x0800855d   Thumb Code   222  ddiv.o(.text)
    __aeabi_uidiv                            0x0800863b   Thumb Code     0  uidiv.o(.text)
    __aeabi_uidivmod                         0x0800863b   Thumb Code    44  uidiv.o(.text)
    __aeabi_uldivmod                         0x08008667   Thumb Code    98  uldiv.o(.text)
    __aeabi_llsl                             0x080086c9   Thumb Code    30  llshl.o(.text)
    _ll_shift_l                              0x080086c9   Thumb Code     0  llshl.o(.text)
    __aeabi_llsr                             0x080086e7   Thumb Code    32  llushr.o(.text)
    _ll_ushift_r                             0x080086e7   Thumb Code     0  llushr.o(.text)
    __aeabi_lasr                             0x08008707   Thumb Code    36  llsshr.o(.text)
    _ll_sshift_r                             0x08008707   Thumb Code     0  llsshr.o(.text)
    __I$use$fp                               0x0800872b   Thumb Code     0  iusefp.o(.text)
    _double_round                            0x0800872b   Thumb Code    30  depilogue.o(.text)
    _double_epilogue                         0x08008749   Thumb Code   156  depilogue.o(.text)
    __aeabi_d2ulz                            0x080087e5   Thumb Code    48  dfixul.o(.text)
    __aeabi_cdrcmple                         0x08008815   Thumb Code    48  cdrcmple.o(.text)
    __scatterload                            0x08008845   Thumb Code    28  init.o(.text)
    __scatterload_rt2                        0x08008845   Thumb Code     0  init.o(.text)
    __decompress                             0x08008869   Thumb Code     0  __dclz77c.o(.text)
    __decompress2                            0x08008869   Thumb Code    94  __dclz77c.o(.text)
    __0printf$5                              0x080088c9   Thumb Code    22  printf5.o(i.__0printf$5)
    __1printf$5                              0x080088c9   Thumb Code     0  printf5.o(i.__0printf$5)
    __2printf                                0x080088c9   Thumb Code     0  printf5.o(i.__0printf$5)
    __0sprintf$5                             0x080088e9   Thumb Code    34  printf5.o(i.__0sprintf$5)
    __1sprintf$5                             0x080088e9   Thumb Code     0  printf5.o(i.__0sprintf$5)
    __2sprintf                               0x080088e9   Thumb Code     0  printf5.o(i.__0sprintf$5)
    __0vsprintf                              0x08008911   Thumb Code    30  printfa.o(i.__0vsprintf)
    __1vsprintf                              0x08008911   Thumb Code     0  printfa.o(i.__0vsprintf)
    __2vsprintf                              0x08008911   Thumb Code     0  printfa.o(i.__0vsprintf)
    __c89vsprintf                            0x08008911   Thumb Code     0  printfa.o(i.__0vsprintf)
    vsprintf                                 0x08008911   Thumb Code     0  printfa.o(i.__0vsprintf)
    __scatterload_copy                       0x08008935   Thumb Code    14  handlers.o(i.__scatterload_copy)
    __scatterload_null                       0x08008943   Thumb Code     2  handlers.o(i.__scatterload_null)
    __scatterload_zeroinit                   0x08008945   Thumb Code    14  handlers.o(i.__scatterload_zeroinit)
    F6x8_2                                   0x0800953a   Data         552  oled_i2c_2.o(.constdata)
    F8X16_2                                  0x08009762   Data        1520  oled_i2c_2.o(.constdata)
    F6x8                                     0x08009d52   Data         552  oled_i2c.o(.constdata)
    F8X16                                    0x08009f7a   Data        1520  oled_i2c.o(.constdata)
    Region$$Table$$Base                      0x0800a740   Number         0  anon$$obj.o(Region$$Table)
    Region$$Table$$Limit                     0x0800a760   Number         0  anon$$obj.o(Region$$Table)
    LigthSwitch_flag                         0x20000000   Data           2  main_1.o(.data)
    TVSwitch_flag                            0x20000002   Data           2  main_1.o(.data)
    AirSwitch_flag                           0x20000004   Data           2  main_1.o(.data)
    WaterSwitch_flag                         0x20000006   Data           2  main_1.o(.data)
    DoorSwitch_flag                          0x20000008   Data           2  main_1.o(.data)
    LivingSwitch_flag                        0x2000000a   Data           2  main_1.o(.data)
    WindowSwitch_flag                        0x2000000c   Data           2  main_1.o(.data)
    FamilySwitch_flag                        0x2000000e   Data           2  main_1.o(.data)
    SOSSwitch_flag                           0x20000010   Data           2  main_1.o(.data)
    DoctorSwitch_flag                        0x20000012   Data           2  main_1.o(.data)
    CanteenSwitch_flag                       0x20000014   Data           2  main_1.o(.data)
    WorkSwitch_flag                          0x20000016   Data           2  main_1.o(.data)
    RxCountUart1_Set                         0x20000018   Data           1  stm32f10x_it.o(.data)
    Bci_flag                                 0x20000019   Data           1  stm32f10x_it.o(.data)
    temperature                              0x2000001c   Data           4  schedule.o(.data)
    humidity                                 0x20000020   Data           4  schedule.o(.data)
    status                                   0x20000024   Data           1  schedule.o(.data)
    vioce_flag                               0x20000028   Data           4  schedule.o(.data)
    Path_Buffer1                             0x2000002c   Data          23  schedule.o(.data)
    Path_Buffer2                             0x20000043   Data          23  schedule.o(.data)
    Path_Buffer3                             0x2000005a   Data          23  schedule.o(.data)
    Path_Buffer4                             0x20000071   Data          23  schedule.o(.data)
    Path_Buffer5                             0x20000088   Data          23  schedule.o(.data)
    Path_Buffer6                             0x2000009f   Data          23  schedule.o(.data)
    Path_Buffer7                             0x200000b6   Data          23  schedule.o(.data)
    NRF_Flag                                 0x200000d0   Data           4  schedule.o(.data)
    NRF_SEND_FLAG                            0x200000d4   Data           4  schedule.o(.data)
    i                                        0x200000d8   Data           4  schedule.o(.data)
    txbuf                                    0x200000dc   Data           4  schedule.o(.data)
    rxbuf                                    0x200000e0   Data           4  schedule.o(.data)
    HCHOdata                                 0x200000e4   Data           2  schedule.o(.data)
    CO2data                                  0x200000e6   Data           2  schedule.o(.data)
    TVOCdata                                 0x200000e8   Data           2  schedule.o(.data)
    PM25data                                 0x200000ea   Data           2  schedule.o(.data)
    PM10data                                 0x200000ec   Data           2  schedule.o(.data)
    Tdata_zhen                               0x200000ee   Data           2  schedule.o(.data)
    Tdata_xiao                               0x200000f0   Data           2  schedule.o(.data)
    HUMdata_zhen                             0x200000f2   Data           2  schedule.o(.data)
    HUMdata_xiao                             0x200000f4   Data           2  schedule.o(.data)
    SystemCoreClock                          0x200000f8   Data           4  system_stm32f10x.o(.data)
    AHBPrescTable                            0x200000fc   Data          16  system_stm32f10x.o(.data)
    base64char                               0x20000124   Data           4  utils_hmac.o(.data)
    MQTT_RxDataInPtr                         0x20000128   Data           4  mqtt.o(.data)
    MQTT_RxDataOutPtr                        0x2000012c   Data           4  mqtt.o(.data)
    MQTT_RxDataEndPtr                        0x20000130   Data           4  mqtt.o(.data)
    MQTT_TxDataInPtr                         0x20000134   Data           4  mqtt.o(.data)
    MQTT_TxDataOutPtr                        0x20000138   Data           4  mqtt.o(.data)
    MQTT_TxDataEndPtr                        0x2000013c   Data           4  mqtt.o(.data)
    MQTT_CMDInPtr                            0x20000140   Data           4  mqtt.o(.data)
    MQTT_CMDOutPtr                           0x20000144   Data           4  mqtt.o(.data)
    MQTT_CMDEndPtr                           0x20000148   Data           4  mqtt.o(.data)
    ClientID_len                             0x2000014c   Data           4  mqtt.o(.data)
    Username_len                             0x20000150   Data           4  mqtt.o(.data)
    Passward_len                             0x20000154   Data           4  mqtt.o(.data)
    ServerPort                               0x20000158   Data           4  mqtt.o(.data)
    Fixed_len                                0x2000015c   Data           4  mqtt.o(.data)
    Variable_len                             0x20000160   Data           4  mqtt.o(.data)
    Payload_len                              0x20000164   Data           4  mqtt.o(.data)
    Ping_flag                                0x20000168   Data           1  mqtt.o(.data)
    Connect_flag                             0x20000169   Data           1  mqtt.o(.data)
    ConnectPack_flag                         0x2000016a   Data           1  mqtt.o(.data)
    SubcribePack_flag                        0x2000016b   Data           1  mqtt.o(.data)
    wifi_mode                                0x2000016c   Data           1  wifi.o(.data)
    Usart2_RxCompleted                       0x20000170   Data           1  usart2_1.o(.data)
    Usart2_RxCounter                         0x20000174   Data           4  usart2_1.o(.data)
    F16x16_2                                 0x20000178   Data         384  oled_i2c_2.o(.data)
    BMP2                                     0x200002f8   Data        1024  oled_i2c_2.o(.data)
    F16x16                                   0x200006f8   Data         384  oled_i2c.o(.data)
    BMP1                                     0x20000878   Data        1024  oled_i2c.o(.data)
    RX_BUF                                   0x20000c78   Data           4  bsp_spi_nrf.o(.data)
    TX_BUF                                   0x20000c7c   Data           4  bsp_spi_nrf.o(.data)
    TX_ADDRESS                               0x20000c80   Data           5  bsp_spi_nrf.o(.data)
    RX_ADDRESS                               0x20000c85   Data           5  bsp_spi_nrf.o(.data)
    __stdout                                 0x20000c8c   Data           4  stdout.o(.data)
    RxBufUart1_Set                           0x20000c90   Data          32  stm32f10x_it.o(.bss)
    MQTT_RxDataBuf                           0x20000cb0   Data        1500  mqtt.o(.bss)
    MQTT_TxDataBuf                           0x2000128c   Data        1500  mqtt.o(.bss)
    MQTT_CMDBuf                              0x20001868   Data        1500  mqtt.o(.bss)
    ClientID                                 0x20001e44   Data         128  mqtt.o(.bss)
    Username                                 0x20001ec4   Data         128  mqtt.o(.bss)
    Passward                                 0x20001f44   Data         128  mqtt.o(.bss)
    ServerIP                                 0x20001fc4   Data         128  mqtt.o(.bss)
    temp_buff                                0x20002044   Data         300  mqtt.o(.bss)
    Usart2_RxBuff                            0x20002170   Data        1024  usart2_1.o(.bss)
    USART2_TxBuff                            0x20002570   Data        1024  usart2_1.o(.bss)
    __initial_sp                             0x20002d70   Data           0  startup_stm32f10x_hd.o(STACK)



==============================================================================

Memory Map of the image

  Image Entry point : 0x08000131

  Load Region LR_IROM1 (Base: 0x08000000, Size: 0x0000b3f0, Max: 0x00080000, ABSOLUTE, COMPRESSED[0x0000aa50])

    Execution Region ER_IROM1 (Base: 0x08000000, Size: 0x0000a760, Max: 0x00080000, ABSOLUTE)

    Base Addr    Size         Type   Attr      Idx    E Section Name        Object

    0x08000000   0x00000130   Data   RO            3    RESET               startup_stm32f10x_hd.o
    0x08000130   0x00000000   Code   RO          945  * .ARM.Collect$$$$00000000  mc_w.l(entry.o)
    0x08000130   0x00000004   Code   RO         1235    .ARM.Collect$$$$00000001  mc_w.l(entry2.o)
    0x08000134   0x00000004   Code   RO         1238    .ARM.Collect$$$$00000004  mc_w.l(entry5.o)
    0x08000138   0x00000000   Code   RO         1240    .ARM.Collect$$$$00000008  mc_w.l(entry7b.o)
    0x08000138   0x00000000   Code   RO         1242    .ARM.Collect$$$$0000000A  mc_w.l(entry8b.o)
    0x08000138   0x00000008   Code   RO         1243    .ARM.Collect$$$$0000000B  mc_w.l(entry9a.o)
    0x08000140   0x00000000   Code   RO         1245    .ARM.Collect$$$$0000000D  mc_w.l(entry10a.o)
    0x08000140   0x00000000   Code   RO         1247    .ARM.Collect$$$$0000000F  mc_w.l(entry11a.o)
    0x08000140   0x00000004   Code   RO         1236    .ARM.Collect$$$$00002712  mc_w.l(entry2.o)
    0x08000144   0x00000024   Code   RO            4    .text               startup_stm32f10x_hd.o
    0x08000168   0x00000ac0   Code   RO           10    .text               main_1.o
    0x08000c28   0x00000488   Code   RO          210    .text               stm32f10x_it.o
    0x080010b0   0x00000248   Code   RO          234    .text               schedule.o
    0x080012f8   0x000001e0   Code   RO          267    .text               system_stm32f10x.o
    0x080014d8   0x000000dc   Code   RO          285    .text               misc.o
    0x080015b4   0x0000035c   Code   RO          429    .text               stm32f10x_gpio.o
    0x08001910   0x000003a4   Code   RO          477    .text               stm32f10x_rcc.o
    0x08001cb4   0x0000030c   Code   RO          515    .text               stm32f10x_spi.o
    0x08001fc0   0x00000e1a   Code   RO          527    .text               stm32f10x_tim.o
    0x08002dda   0x00000002   PAD
    0x08002ddc   0x00000408   Code   RO          539    .text               stm32f10x_usart.o
    0x080031e4   0x00000138   Code   RO          563    .text               bsp_systick.o
    0x0800331c   0x00000158   Code   RO          581    .text               bsp_led.o
    0x08003474   0x00000076   Code   RO          593    .text               timer2.o
    0x080034ea   0x00000002   PAD
    0x080034ec   0x000000ec   Code   RO          605    .text               timer3.o
    0x080035d8   0x00000070   Code   RO          617    .text               timer4.o
    0x08003648   0x00000110   Code   RO          648    .text               usart.o
    0x08003758   0x000002dc   Code   RO          660    .text               utils_hmac.o
    0x08003a34   0x00000b14   Code   RO          685    .text               utils_md5.o
    0x08004548   0x00001b2c   Code   RO          699    .text               utils_sha1.o
    0x08006074   0x00000800   Code   RO          713    .text               mqtt.o
    0x08006874   0x00000684   Code   RO          743    .text               wifi.o
    0x08006ef8   0x0000014c   Code   RO          758    .text               usart2_1.o
    0x08007044   0x000001e4   Code   RO          814    .text               bsp_i2c_2.o
    0x08007228   0x0000034c   Code   RO          829    .text               oled_i2c_2.o
    0x08007574   0x000001d4   Code   RO          851    .text               bsp_i2c.o
    0x08007748   0x0000034c   Code   RO          863    .text               oled_i2c.o
    0x08007a94   0x000003dc   Code   RO          885    .text               bsp_spi_nrf.o
    0x08007e70   0x00000208   Code   RO          901    .text               jq8x00.o
    0x08008078   0x000000fc   Code   RO          917    .text               usart4_1.o
    0x08008174   0x0000013c   Code   RO          929    .text               usart3.o
    0x080082b0   0x00000024   Code   RO          948    .text               mc_w.l(memcpya.o)
    0x080082d4   0x00000024   Code   RO          950    .text               mc_w.l(memseta.o)
    0x080082f8   0x00000024   Code   RO          952    .text               mc_w.l(strstr.o)
    0x0800831c   0x0000000e   Code   RO          954    .text               mc_w.l(strlen.o)
    0x0800832a   0x0000014e   Code   RO         1219    .text               mf_w.l(dadd.o)
    0x08008478   0x000000e4   Code   RO         1221    .text               mf_w.l(dmul.o)
    0x0800855c   0x000000de   Code   RO         1223    .text               mf_w.l(ddiv.o)
    0x0800863a   0x0000002c   Code   RO         1250    .text               mc_w.l(uidiv.o)
    0x08008666   0x00000062   Code   RO         1252    .text               mc_w.l(uldiv.o)
    0x080086c8   0x0000001e   Code   RO         1254    .text               mc_w.l(llshl.o)
    0x080086e6   0x00000020   Code   RO         1256    .text               mc_w.l(llushr.o)
    0x08008706   0x00000024   Code   RO         1258    .text               mc_w.l(llsshr.o)
    0x0800872a   0x00000000   Code   RO         1260    .text               mc_w.l(iusefp.o)
    0x0800872a   0x000000ba   Code   RO         1263    .text               mf_w.l(depilogue.o)
    0x080087e4   0x00000030   Code   RO         1265    .text               mf_w.l(dfixul.o)
    0x08008814   0x00000030   Code   RO         1267    .text               mf_w.l(cdrcmple.o)
    0x08008844   0x00000024   Code   RO         1269    .text               mc_w.l(init.o)
    0x08008868   0x0000005e   Code   RO         1279    .text               mc_w.l(__dclz77c.o)
    0x080088c6   0x00000002   PAD
    0x080088c8   0x00000020   Code   RO         1091    i.__0printf$5       mc_w.l(printf5.o)
    0x080088e8   0x00000028   Code   RO         1093    i.__0sprintf$5      mc_w.l(printf5.o)
    0x08008910   0x00000024   Code   RO         1197    i.__0vsprintf       mc_w.l(printfa.o)
    0x08008934   0x0000000e   Code   RO         1273    i.__scatterload_copy  mc_w.l(handlers.o)
    0x08008942   0x00000002   Code   RO         1274    i.__scatterload_null  mc_w.l(handlers.o)
    0x08008944   0x0000000e   Code   RO         1275    i.__scatterload_zeroinit  mc_w.l(handlers.o)
    0x08008952   0x00000002   PAD
    0x08008954   0x00000164   Code   RO         1198    i._fp_digits        mc_w.l(printfa.o)
    0x08008ab8   0x000002c0   Code   RO         1098    i._printf_core      mc_w.l(printf5.o)
    0x08008d78   0x000006dc   Code   RO         1199    i._printf_core      mc_w.l(printfa.o)
    0x08009454   0x00000024   Code   RO         1200    i._printf_post_padding  mc_w.l(printfa.o)
    0x08009478   0x0000002e   Code   RO         1201    i._printf_pre_padding  mc_w.l(printfa.o)
    0x080094a6   0x0000000a   Code   RO         1100    i._sputc            mc_w.l(printf5.o)
    0x080094b0   0x0000000a   Code   RO         1203    i._sputc            mc_w.l(printfa.o)
    0x080094ba   0x00000040   Data   RO          686    .constdata          utils_md5.o
    0x080094fa   0x00000040   Data   RO          700    .constdata          utils_sha1.o
    0x0800953a   0x00000818   Data   RO          830    .constdata          oled_i2c_2.o
    0x08009d52   0x00000818   Data   RO          864    .constdata          oled_i2c.o
    0x0800a56a   0x00000002   PAD
    0x0800a56c   0x00000014   Data   RO          902    .constdata          jq8x00.o
    0x0800a580   0x0000017a   Data   RO          235    .conststring        schedule.o
    0x0800a6fa   0x00000002   PAD
    0x0800a6fc   0x00000041   Data   RO          661    .conststring        utils_hmac.o
    0x0800a73d   0x00000003   PAD
    0x0800a740   0x00000020   Data   RO         1271    Region$$Table       anon$$obj.o


    Execution Region RW_IRAM1 (Base: 0x20000000, Size: 0x00002d70, Max: 0x00010000, ABSOLUTE, COMPRESSED[0x000002f0])

    Base Addr    Size         Type   Attr      Idx    E Section Name        Object

    0x20000000   0x00000018   Data   RW           11    .data               main_1.o
    0x20000018   0x00000002   Data   RW          212    .data               stm32f10x_it.o
    0x2000001a   0x00000002   PAD
    0x2000001c   0x000000da   Data   RW          236    .data               schedule.o
    0x200000f6   0x00000002   PAD
    0x200000f8   0x00000014   Data   RW          268    .data               system_stm32f10x.o
    0x2000010c   0x00000014   Data   RW          478    .data               stm32f10x_rcc.o
    0x20000120   0x00000004   Data   RW          564    .data               bsp_systick.o
    0x20000124   0x00000004   Data   RW          662    .data               utils_hmac.o
    0x20000128   0x00000044   Data   RW          715    .data               mqtt.o
    0x2000016c   0x00000001   Data   RW          744    .data               wifi.o
    0x2000016d   0x00000003   PAD
    0x20000170   0x00000008   Data   RW          760    .data               usart2_1.o
    0x20000178   0x00000580   Data   RW          831    .data               oled_i2c_2.o
    0x200006f8   0x00000580   Data   RW          865    .data               oled_i2c.o
    0x20000c78   0x00000012   Data   RW          886    .data               bsp_spi_nrf.o
    0x20000c8a   0x00000002   PAD
    0x20000c8c   0x00000004   Data   RW         1249    .data               mc_w.l(stdout.o)
    0x20000c90   0x00000020   Zero   RW          211    .bss                stm32f10x_it.o
    0x20000cb0   0x000014c0   Zero   RW          714    .bss                mqtt.o
    0x20002170   0x00000800   Zero   RW          759    .bss                usart2_1.o
    0x20002970   0x00000400   Zero   RW            1    STACK               startup_stm32f10x_hd.o


==============================================================================

Image component sizes


      Code (inc. data)   RO Data    RW Data    ZI Data      Debug   Object Name

       468         10          0          0          0       2092   bsp_i2c.o
       484          8          0          0          0       2138   bsp_i2c_2.o
       344         12          0          0          0        678   bsp_led.o
       988         42          0         18          0       4346   bsp_spi_nrf.o
       312         26          0          4          0      17303   bsp_systick.o
       520          6         20          0          0       3509   jq8x00.o
      2752       1266          0         24          0     262318   main_1.o
       220         22          0          0          0       1865   misc.o
      2048        476          0         68       5312       5083   mqtt.o
       844         14       2072       1408          0       3775   oled_i2c.o
       844         14       2072       1408          0       3861   oled_i2c_2.o
       584        172        378        218          0       3334   schedule.o
        36          8        304          0       1024        880   startup_stm32f10x_hd.o
       860         38          0          0          0       5705   stm32f10x_gpio.o
      1160        120          0          2         32       4008   stm32f10x_it.o
       932         36          0         20          0       8904   stm32f10x_rcc.o
       780         14          0          0          0       6594   stm32f10x_spi.o
      3610         88          0          0          0      22196   stm32f10x_tim.o
      1032         22          0          0          0       8436   stm32f10x_usart.o
       480         38          0         20          0       1943   system_stm32f10x.o
       118          0          0          0          0        606   timer2.o
       236          6          0          0          0        849   timer3.o
       112          6          0          0          0        680   timer4.o
       272         10          0          0          0       1694   usart.o
       332         14          0          8       2048       2672   usart2_1.o
       316         10          0          0          0       1878   usart3.o
       252          8          0          0          0       1669   usart4_1.o
         0          0          0          0          0       1228   usart5.o
       732          6         65          4          0       3388   utils_hmac.o
      2836        266         64          0          0       4888   utils_md5.o
      6956         42         64          0          0       5283   utils_sha1.o
      1668        794          0          1          0       2852   wifi.o

    ----------------------------------------------------------------------
     33132       3594       5078       3212       8416     396655   Object Totals
         0          0         32          0          0          0   (incl. Generated)
         4          0          7          9          0          0   (incl. Padding)

    ----------------------------------------------------------------------

      Code (inc. data)   RO Data    RW Data    ZI Data      Debug   Library Member Name

        94          0          0          0          0          0   __dclz77c.o
         0          0          0          0          0          0   entry.o
         0          0          0          0          0          0   entry10a.o
         0          0          0          0          0          0   entry11a.o
         8          4          0          0          0          0   entry2.o
         4          0          0          0          0          0   entry5.o
         0          0          0          0          0          0   entry7b.o
         0          0          0          0          0          0   entry8b.o
         8          4          0          0          0          0   entry9a.o
        30          0          0          0          0          0   handlers.o
        36          8          0          0          0         68   init.o
         0          0          0          0          0          0   iusefp.o
        30          0          0          0          0         68   llshl.o
        36          0          0          0          0         68   llsshr.o
        32          0          0          0          0         68   llushr.o
        36          0          0          0          0         68   memcpya.o
        36          0          0          0          0        108   memseta.o
       786         62          0          0          0        336   printf5.o
      2240         86          0          0          0        508   printfa.o
         0          0          0          4          0          0   stdout.o
        14          0          0          0          0         68   strlen.o
        36          0          0          0          0         80   strstr.o
        44          0          0          0          0         80   uidiv.o
        98          0          0          0          0         92   uldiv.o
        48          0          0          0          0         68   cdrcmple.o
       334          0          0          0          0        148   dadd.o
       222          0          0          0          0        100   ddiv.o
       186          0          0          0          0        176   depilogue.o
        48          0          0          0          0         68   dfixul.o
       228          0          0          0          0         96   dmul.o

    ----------------------------------------------------------------------
      4638        164          0          4          0       2268   Library Totals
         4          0          0          0          0          0   (incl. Padding)

    ----------------------------------------------------------------------

      Code (inc. data)   RO Data    RW Data    ZI Data      Debug   Library Name

      3568        164          0          4          0       1612   mc_w.l
      1066          0          0          0          0        656   mf_w.l

    ----------------------------------------------------------------------
      4638        164          0          4          0       2268   Library Totals

    ----------------------------------------------------------------------

==============================================================================


      Code (inc. data)   RO Data    RW Data    ZI Data      Debug   

     37770       3758       5078       3216       8416     395567   Grand Totals
     37770       3758       5078        752       8416     395567   ELF Image Totals (compressed)
     37770       3758       5078        752          0          0   ROM Totals

==============================================================================

    Total RO  Size (Code + RO Data)                42848 (  41.84kB)
    Total RW  Size (RW Data + ZI Data)             11632 (  11.36kB)
    Total ROM Size (Code + RO Data + RW Data)      43600 (  42.58kB)

==============================================================================

